Component: ARM Compiler 6.10.1 Tool: armlink [5d142800]

==============================================================================

Section Cross References

    startup_stm32h750xx.o(RESET) refers to startup_stm32h750xx.o(STACK) for __initial_sp
    startup_stm32h750xx.o(RESET) refers to startup_stm32h750xx.o(.text) for Reset_Handler
    startup_stm32h750xx.o(RESET) refers to stm32h7xx_it.o(.text.NMI_Handler) for NMI_Handler
    startup_stm32h750xx.o(RESET) refers to stm32h7xx_it.o(.text.HardFault_Handler) for HardFault_Handler
    startup_stm32h750xx.o(RESET) refers to stm32h7xx_it.o(.text.MemManage_Handler) for MemManage_Handler
    startup_stm32h750xx.o(RESET) refers to stm32h7xx_it.o(.text.BusFault_Handler) for BusFault_Handler
    startup_stm32h750xx.o(RESET) refers to stm32h7xx_it.o(.text.UsageFault_Handler) for UsageFault_Handler
    startup_stm32h750xx.o(RESET) refers to stm32h7xx_it.o(.text.SVC_Handler) for SVC_Handler
    startup_stm32h750xx.o(RESET) refers to stm32h7xx_it.o(.text.DebugMon_Handler) for DebugMon_Handler
    startup_stm32h750xx.o(RESET) refers to stm32h7xx_it.o(.text.PendSV_Handler) for PendSV_Handler
    startup_stm32h750xx.o(RESET) refers to stm32h7xx_it.o(.text.SysTick_Handler) for SysTick_Handler
    startup_stm32h750xx.o(RESET) refers to stm32h7xx_it.o(.text.EXTI2_IRQHandler) for EXTI2_IRQHandler
    startup_stm32h750xx.o(.text) refers to system_stm32h7xx.o(.text.SystemInit) for SystemInit
    startup_stm32h750xx.o(.text) refers to entry.o(.ARM.Collect$$$$00000000) for __main
    main.o(.text.main) refers to main.o(.text.MPU_Config) for MPU_Config
    main.o(.text.main) refers to stm32h7xx_hal.o(.text.HAL_Init) for HAL_Init
    main.o(.text.main) refers to main.o(.text.SystemClock_Config) for SystemClock_Config
    main.o(.text.main) refers to gpio.o(.text.MX_GPIO_Init) for MX_GPIO_Init
    main.o(.text.main) refers to stm32h7xx_it.o(.data.key_status) for key_status
    main.o(.text.main) refers to stm32h7xx_hal_gpio.o(.text.HAL_GPIO_WritePin) for HAL_GPIO_WritePin
    main.o(.ARM.exidx.text.main) refers to main.o(.text.main) for [Anonymous Symbol]
    main.o(.text.MPU_Config) refers to stm32h7xx_hal_cortex.o(.text.HAL_MPU_Disable) for HAL_MPU_Disable
    main.o(.text.MPU_Config) refers to stm32h7xx_hal_cortex.o(.text.HAL_MPU_ConfigRegion) for HAL_MPU_ConfigRegion
    main.o(.text.MPU_Config) refers to stm32h7xx_hal_cortex.o(.text.HAL_MPU_Enable) for HAL_MPU_Enable
    main.o(.ARM.exidx.text.MPU_Config) refers to main.o(.text.MPU_Config) for [Anonymous Symbol]
    main.o(.text.SystemClock_Config) refers to memseta.o(.text) for __aeabi_memclr4
    main.o(.text.SystemClock_Config) refers to stm32h7xx_hal_pwr_ex.o(.text.HAL_PWREx_ConfigSupply) for HAL_PWREx_ConfigSupply
    main.o(.text.SystemClock_Config) refers to stm32h7xx_hal_rcc.o(.text.HAL_RCC_OscConfig) for HAL_RCC_OscConfig
    main.o(.text.SystemClock_Config) refers to main.o(.text.Error_Handler) for Error_Handler
    main.o(.text.SystemClock_Config) refers to stm32h7xx_hal_rcc.o(.text.HAL_RCC_ClockConfig) for HAL_RCC_ClockConfig
    main.o(.ARM.exidx.text.SystemClock_Config) refers to main.o(.text.SystemClock_Config) for [Anonymous Symbol]
    main.o(.ARM.exidx.text.Error_Handler) refers to main.o(.text.Error_Handler) for [Anonymous Symbol]
    gpio.o(.text.MX_GPIO_Init) refers to stm32h7xx_hal_gpio.o(.text.HAL_GPIO_WritePin) for HAL_GPIO_WritePin
    gpio.o(.text.MX_GPIO_Init) refers to stm32h7xx_hal_gpio.o(.text.HAL_GPIO_Init) for HAL_GPIO_Init
    gpio.o(.text.MX_GPIO_Init) refers to stm32h7xx_hal_cortex.o(.text.HAL_NVIC_SetPriority) for HAL_NVIC_SetPriority
    gpio.o(.text.MX_GPIO_Init) refers to stm32h7xx_hal_cortex.o(.text.HAL_NVIC_EnableIRQ) for HAL_NVIC_EnableIRQ
    gpio.o(.ARM.exidx.text.MX_GPIO_Init) refers to gpio.o(.text.MX_GPIO_Init) for [Anonymous Symbol]
    stm32h7xx_it.o(.ARM.exidx.text.NMI_Handler) refers to stm32h7xx_it.o(.text.NMI_Handler) for [Anonymous Symbol]
    stm32h7xx_it.o(.ARM.exidx.text.HardFault_Handler) refers to stm32h7xx_it.o(.text.HardFault_Handler) for [Anonymous Symbol]
    stm32h7xx_it.o(.ARM.exidx.text.MemManage_Handler) refers to stm32h7xx_it.o(.text.MemManage_Handler) for [Anonymous Symbol]
    stm32h7xx_it.o(.ARM.exidx.text.BusFault_Handler) refers to stm32h7xx_it.o(.text.BusFault_Handler) for [Anonymous Symbol]
    stm32h7xx_it.o(.ARM.exidx.text.UsageFault_Handler) refers to stm32h7xx_it.o(.text.UsageFault_Handler) for [Anonymous Symbol]
    stm32h7xx_it.o(.ARM.exidx.text.SVC_Handler) refers to stm32h7xx_it.o(.text.SVC_Handler) for [Anonymous Symbol]
    stm32h7xx_it.o(.ARM.exidx.text.DebugMon_Handler) refers to stm32h7xx_it.o(.text.DebugMon_Handler) for [Anonymous Symbol]
    stm32h7xx_it.o(.ARM.exidx.text.PendSV_Handler) refers to stm32h7xx_it.o(.text.PendSV_Handler) for [Anonymous Symbol]
    stm32h7xx_it.o(.text.SysTick_Handler) refers to stm32h7xx_hal.o(.text.HAL_IncTick) for HAL_IncTick
[...]
    Removing stm32h7xx_hal_flash_ex.o(.ARM.exidx.text.FLASH_OB_GetSecureArea), (8 bytes).
    Removing stm32h7xx_hal_flash_ex.o(.text.FLASH_OB_GetBootAdd), (50 bytes).
    Removing stm32h7xx_hal_flash_ex.o(.ARM.exidx.text.FLASH_OB_GetBootAdd), (8 bytes).
    Removing stm32h7xx_hal_flash_ex.o(.text.HAL_FLASHEx_Unlock_Bank1), (92 bytes).
    Removing stm32h7xx_hal_flash_ex.o(.ARM.exidx.text.HAL_FLASHEx_Unlock_Bank1), (8 bytes).
    Removing stm32h7xx_hal_flash_ex.o(.text.HAL_FLASHEx_Lock_Bank1), (20 bytes).
    Removing stm32h7xx_hal_flash_ex.o(.ARM.exidx.text.HAL_FLASHEx_Lock_Bank1), (8 bytes).
    Removing stm32h7xx_hal_flash_ex.o(.text.HAL_FLASHEx_ComputeCRC), (326 bytes).
    Removing stm32h7xx_hal_flash_ex.o(.ARM.exidx.text.HAL_FLASHEx_ComputeCRC), (8 bytes).
    Removing stm32h7xx_hal_flash_ex.o(.text.FLASH_CRC_AddSector), (56 bytes).
    Removing stm32h7xx_hal_flash_ex.o(.ARM.exidx.text.FLASH_CRC_AddSector), (8 bytes).
    Removing stm32h7xx_hal_flash_ex.o(.text.FLASH_CRC_SelectAddress), (64 bytes).
    Removing stm32h7xx_hal_flash_ex.o(.ARM.exidx.text.FLASH_CRC_SelectAddress), (8 bytes).
    Removing stm32h7xx_hal_gpio.o(.text), (0 bytes).
    Removing stm32h7xx_hal_gpio.o(.ARM.exidx.text.HAL_GPIO_Init), (8 bytes).
    Removing stm32h7xx_hal_gpio.o(.text.HAL_GPIO_DeInit), (614 bytes).
    Removing stm32h7xx_hal_gpio.o(.ARM.exidx.text.HAL_GPIO_DeInit), (8 bytes).
    Removing stm32h7xx_hal_gpio.o(.ARM.exidx.text.HAL_GPIO_ReadPin), (8 bytes).
    Removing stm32h7xx_hal_gpio.o(.ARM.exidx.text.HAL_GPIO_WritePin), (8 bytes).
    Removing stm32h7xx_hal_gpio.o(.text.HAL_GPIO_TogglePin), (48 bytes).
    Removing stm32h7xx_hal_gpio.o(.ARM.exidx.text.HAL_GPIO_TogglePin), (8 bytes).
    Removing stm32h7xx_hal_gpio.o(.text.HAL_GPIO_LockPin), (94 bytes).
    Removing stm32h7xx_hal_gpio.o(.ARM.exidx.text.HAL_GPIO_LockPin), (8 bytes).
    Removing stm32h7xx_hal_gpio.o(.ARM.exidx.text.HAL_GPIO_EXTI_IRQHandler), (8 bytes).
    Removing stm32h7xx_hal_gpio.o(.ARM.exidx.text.HAL_GPIO_EXTI_Callback), (8 bytes).
    Removing stm32h7xx_hal_hsem.o(.text), (0 bytes).
    Removing stm32h7xx_hal_hsem.o(.text.HAL_HSEM_Take), (88 bytes).
    Removing stm32h7xx_hal_hsem.o(.ARM.exidx.text.HAL_HSEM_Take), (8 bytes).
    Removing stm32h7xx_hal_hsem.o(.text.HAL_HSEM_FastTake), (60 bytes).
    Removing stm32h7xx_hal_hsem.o(.ARM.exidx.text.HAL_HSEM_FastTake), (8 bytes).
    Removing stm32h7xx_hal_hsem.o(.text.HAL_HSEM_IsSemTaken), (28 bytes).
    Removing stm32h7xx_hal_hsem.o(.ARM.exidx.text.HAL_HSEM_IsSemTaken), (8 bytes).
    Removing stm32h7xx_hal_hsem.o(.text.HAL_HSEM_Release), (38 bytes).
    Removing stm32h7xx_hal_hsem.o(.ARM.exidx.text.HAL_HSEM_Release), (8 bytes).
    Removing stm32h7xx_hal_hsem.o(.text.HAL_HSEM_ReleaseAll), (38 bytes).
    Removing stm32h7xx_hal_hsem.o(.ARM.exidx.text.HAL_HSEM_ReleaseAll), (8 bytes).
    Removing stm32h7xx_hal_hsem.o(.text.HAL_HSEM_SetClearKey), (30 bytes).
    Removing stm32h7xx_hal_hsem.o(.ARM.exidx.text.HAL_HSEM_SetClearKey), (8 bytes).
    Removing stm32h7xx_hal_hsem.o(.text.HAL_HSEM_GetClearKey), (14 bytes).
    Removing stm32h7xx_hal_hsem.o(.ARM.exidx.text.HAL_HSEM_GetClearKey), (8 bytes).
    Removing stm32h7xx_hal_hsem.o(.text.HAL_HSEM_ActivateNotification), (28 bytes).
    Removing stm32h7xx_hal_hsem.o(.ARM.exidx.text.HAL_HSEM_ActivateNotification), (8 bytes).
    Removing stm32h7xx_hal_hsem.o(.text.HAL_HSEM_DeactivateNotification), (30 bytes).
    Removing stm32h7xx_hal_hsem.o(.ARM.exidx.text.HAL_HSEM_DeactivateNotification), (8 bytes).
    Removing stm32h7xx_hal_hsem.o(.text.HAL_HSEM_IRQHandler), (56 bytes).
    Removing stm32h7xx_hal_hsem.o(.ARM.exidx.text.HAL_HSEM_IRQHandler), (8 bytes).
    Removing stm32h7xx_hal_hsem.o(.text.HAL_HSEM_FreeCallback), (12 bytes).
    Removing stm32h7xx_hal_hsem.o(.ARM.exidx.text.HAL_HSEM_FreeCallback), (8 bytes).
    Removing stm32h7xx_hal_dma.o(.text), (0 bytes).
    Removing stm32h7xx_hal_dma.o(.text.HAL_DMA_Init), (2456 bytes).
    Removing stm32h7xx_hal_dma.o(.ARM.exidx.text.HAL_DMA_Init), (8 bytes).
    Removing stm32h7xx_hal_dma.o(.text.DMA_CheckFifoParam), (246 bytes).
    Removing stm32h7xx_hal_dma.o(.ARM.exidx.text.DMA_CheckFifoParam), (8 bytes).
    Removing stm32h7xx_hal_dma.o(.text.DMA_CalcBaseAndBitshift), (466 bytes).
    Removing stm32h7xx_hal_dma.o(.ARM.exidx.text.DMA_CalcBaseAndBitshift), (8 bytes).
    Removing stm32h7xx_hal_dma.o(.text.DMA_CalcDMAMUXChannelBaseAndMask), (390 bytes).
    Removing stm32h7xx_hal_dma.o(.ARM.exidx.text.DMA_CalcDMAMUXChannelBaseAndMask), (8 bytes).
    Removing stm32h7xx_hal_dma.o(.text.DMA_CalcDMAMUXRequestGenBaseAndMask), (306 bytes).
    Removing stm32h7xx_hal_dma.o(.ARM.exidx.text.DMA_CalcDMAMUXRequestGenBaseAndMask), (8 bytes).
    Removing stm32h7xx_hal_dma.o(.text.HAL_DMA_DeInit), (1180 bytes).
    Removing stm32h7xx_hal_dma.o(.ARM.exidx.text.HAL_DMA_DeInit), (8 bytes).
    Removing stm32h7xx_hal_dma.o(.text.HAL_DMA_Start), (796 bytes).
    Removing stm32h7xx_hal_dma.o(.ARM.exidx.text.HAL_DMA_Start), (8 bytes).
    Removing stm32h7xx_hal_dma.o(.text.DMA_SetConfig), (1334 bytes).
    Removing stm32h7xx_hal_dma.o(.ARM.exidx.text.DMA_SetConfig), (8 bytes).
    Removing stm32h7xx_hal_dma.o(.text.HAL_DMA_Start_IT), (1842 bytes).
    Removing stm32h7xx_hal_dma.o(.ARM.exidx.text.HAL_DMA_Start_IT), (8 bytes).
    Removing stm32h7xx_hal_dma.o(.text.HAL_DMA_Abort), (2458 bytes).
    Removing stm32h7xx_hal_dma.o(.ARM.exidx.text.HAL_DMA_Abort), (8 bytes).
    Removing stm32h7xx_hal_dma.o(.text.HAL_DMA_Abort_IT), (1736 bytes).
    Removing stm32h7xx_hal_dma.o(.ARM.exidx.text.HAL_DMA_Abort_IT), (8 bytes).
    Removing stm32h7xx_hal_dma.o(.text.HAL_DMA_PollForTransfer), (2824 bytes).
    Removing stm32h7xx_hal_dma.o(.ARM.exidx.text.HAL_DMA_PollForTransfer), (8 bytes).
    Removing stm32h7xx_hal_dma.o(.text.HAL_DMA_IRQHandler), (4666 bytes).
    Removing stm32h7xx_hal_dma.o(.ARM.exidx.text.HAL_DMA_IRQHandler), (8 bytes).
    Removing stm32h7xx_hal_dma.o(.text.HAL_DMA_RegisterCallback), (216 bytes).
    Removing stm32h7xx_hal_dma.o(.ARM.exidx.text.HAL_DMA_RegisterCallback), (8 bytes).
    Removing stm32h7xx_hal_dma.o(.text.HAL_DMA_UnRegisterCallback), (234 bytes).
    Removing stm32h7xx_hal_dma.o(.ARM.exidx.text.HAL_DMA_UnRegisterCallback), (8 bytes).
    Removing stm32h7xx_hal_dma.o(.text.HAL_DMA_GetState), (18 bytes).
    Removing stm32h7xx_hal_dma.o(.ARM.exidx.text.HAL_DMA_GetState), (8 bytes).
    Removing stm32h7xx_hal_dma.o(.text.HAL_DMA_GetError), (16 bytes).
    Removing stm32h7xx_hal_dma.o(.ARM.exidx.text.HAL_DMA_GetError), (8 bytes).
    Removing stm32h7xx_hal_dma.o(.rodata.DMA_CalcBaseAndBitshift.flagBitshiftOffset), (8 bytes).
    Removing stm32h7xx_hal_dma_ex.o(.text), (0 bytes).
    Removing stm32h7xx_hal_dma_ex.o(.text.HAL_DMAEx_MultiBufferStart), (1524 bytes).
    Removing stm32h7xx_hal_dma_ex.o(.ARM.exidx.text.HAL_DMAEx_MultiBufferStart), (8 bytes).
    Removing stm32h7xx_hal_dma_ex.o(.text.DMA_MultiBufferSetConfig), (504 bytes).
    Removing stm32h7xx_hal_dma_ex.o(.ARM.exidx.text.DMA_MultiBufferSetConfig), (8 bytes).
    Removing stm32h7xx_hal_dma_ex.o(.text.HAL_DMAEx_MultiBufferStart_IT), (2604 bytes).
    Removing stm32h7xx_hal_dma_ex.o(.ARM.exidx.text.HAL_DMAEx_MultiBufferStart_IT), (8 bytes).
    Removing stm32h7xx_hal_dma_ex.o(.text.HAL_DMAEx_ChangeMemory), (454 bytes).
    Removing stm32h7xx_hal_dma_ex.o(.ARM.exidx.text.HAL_DMAEx_ChangeMemory), (8 bytes).
    Removing stm32h7xx_hal_dma_ex.o(.text.HAL_DMAEx_ConfigMuxSync), (562 bytes).
    Removing stm32h7xx_hal_dma_ex.o(.ARM.exidx.text.HAL_DMAEx_ConfigMuxSync), (8 bytes).
    Removing stm32h7xx_hal_dma_ex.o(.text.HAL_DMAEx_ConfigMuxRequestGenerator), (552 bytes).
    Removing stm32h7xx_hal_dma_ex.o(.ARM.exidx.text.HAL_DMAEx_ConfigMuxRequestGenerator), (8 bytes).
    Removing stm32h7xx_hal_dma_ex.o(.text.HAL_DMAEx_EnableMuxRequestGenerator), (66 bytes).
    Removing stm32h7xx_hal_dma_ex.o(.ARM.exidx.text.HAL_DMAEx_EnableMuxRequestGenerator), (8 bytes).
    Removing stm32h7xx_hal_dma_ex.o(.text.HAL_DMAEx_DisableMuxRequestGenerator), (66 bytes).
    Removing stm32h7xx_hal_dma_ex.o(.ARM.exidx.text.HAL_DMAEx_DisableMuxRequestGenerator), (8 bytes).
    Removing stm32h7xx_hal_dma_ex.o(.text.HAL_DMAEx_MUX_IRQHandler), (158 bytes).
    Removing stm32h7xx_hal_dma_ex.o(.ARM.exidx.text.HAL_DMAEx_MUX_IRQHandler), (8 bytes).
    Removing stm32h7xx_hal_mdma.o(.text), (0 bytes).
    Removing stm32h7xx_hal_mdma.o(.text.HAL_MDMA_Init), (178 bytes).
    Removing stm32h7xx_hal_mdma.o(.ARM.exidx.text.HAL_MDMA_Init), (8 bytes).
    Removing stm32h7xx_hal_mdma.o(.text.MDMA_Init), (298 bytes).
    Removing stm32h7xx_hal_mdma.o(.ARM.exidx.text.MDMA_Init), (8 bytes).
    Removing stm32h7xx_hal_mdma.o(.text.HAL_MDMA_DeInit), (156 bytes).
    Removing stm32h7xx_hal_mdma.o(.ARM.exidx.text.HAL_MDMA_DeInit), (8 bytes).
    Removing stm32h7xx_hal_mdma.o(.text.HAL_MDMA_ConfigPostRequestMask), (210 bytes).
    Removing stm32h7xx_hal_mdma.o(.ARM.exidx.text.HAL_MDMA_ConfigPostRequestMask), (8 bytes).
    Removing stm32h7xx_hal_mdma.o(.text.HAL_MDMA_RegisterCallback), (210 bytes).
    Removing stm32h7xx_hal_mdma.o(.ARM.exidx.text.HAL_MDMA_RegisterCallback), (8 bytes).
    Removing stm32h7xx_hal_mdma.o(.text.HAL_MDMA_UnRegisterCallback), (234 bytes).
    Removing stm32h7xx_hal_mdma.o(.ARM.exidx.text.HAL_MDMA_UnRegisterCallback), (8 bytes).
    Removing stm32h7xx_hal_mdma.o(.text.HAL_MDMA_LinkedList_CreateNode), (462 bytes).
    Removing stm32h7xx_hal_mdma.o(.ARM.exidx.text.HAL_MDMA_LinkedList_CreateNode), (8 bytes).
    Removing stm32h7xx_hal_mdma.o(.text.HAL_MDMA_LinkedList_AddNode), (532 bytes).
    Removing stm32h7xx_hal_mdma.o(.ARM.exidx.text.HAL_MDMA_LinkedList_AddNode), (8 bytes).
    Removing stm32h7xx_hal_mdma.o(.text.HAL_MDMA_LinkedList_RemoveNode), (440 bytes).
    Removing stm32h7xx_hal_mdma.o(.ARM.exidx.text.HAL_MDMA_LinkedList_RemoveNode), (8 bytes).
    Removing stm32h7xx_hal_mdma.o(.text.HAL_MDMA_LinkedList_EnableCircularMode), (172 bytes).
    Removing stm32h7xx_hal_mdma.o(.ARM.exidx.text.HAL_MDMA_LinkedList_EnableCircularMode), (8 bytes).
    Removing stm32h7xx_hal_mdma.o(.text.HAL_MDMA_LinkedList_DisableCircularMode), (172 bytes).
    Removing stm32h7xx_hal_mdma.o(.ARM.exidx.text.HAL_MDMA_LinkedList_DisableCircularMode), (8 bytes).
    Removing stm32h7xx_hal_mdma.o(.text.HAL_MDMA_Start), (224 bytes).
    Removing stm32h7xx_hal_mdma.o(.ARM.exidx.text.HAL_MDMA_Start), (8 bytes).
    Removing stm32h7xx_hal_mdma.o(.text.MDMA_SetConfig), (230 bytes).
    Removing stm32h7xx_hal_mdma.o(.ARM.exidx.text.MDMA_SetConfig), (8 bytes).
    Removing stm32h7xx_hal_mdma.o(.text.HAL_MDMA_Start_IT), (308 bytes).
    Removing stm32h7xx_hal_mdma.o(.ARM.exidx.text.HAL_MDMA_Start_IT), (8 bytes).
    Removing stm32h7xx_hal_mdma.o(.text.HAL_MDMA_Abort), (214 bytes).
    Removing stm32h7xx_hal_mdma.o(.ARM.exidx.text.HAL_MDMA_Abort), (8 bytes).
    Removing stm32h7xx_hal_mdma.o(.text.HAL_MDMA_Abort_IT), (88 bytes).
    Removing stm32h7xx_hal_mdma.o(.ARM.exidx.text.HAL_MDMA_Abort_IT), (8 bytes).
    Removing stm32h7xx_hal_mdma.o(.text.HAL_MDMA_PollForTransfer), (522 bytes).
    Removing stm32h7xx_hal_mdma.o(.ARM.exidx.text.HAL_MDMA_PollForTransfer), (8 bytes).
    Removing stm32h7xx_hal_mdma.o(.text.HAL_MDMA_GenerateSWRequest), (130 bytes).
    Removing stm32h7xx_hal_mdma.o(.ARM.exidx.text.HAL_MDMA_GenerateSWRequest), (8 bytes).
    Removing stm32h7xx_hal_mdma.o(.text.HAL_MDMA_IRQHandler), (726 bytes).
    Removing stm32h7xx_hal_mdma.o(.ARM.exidx.text.HAL_MDMA_IRQHandler), (8 bytes).
    Removing stm32h7xx_hal_mdma.o(.text.HAL_MDMA_GetState), (18 bytes).
    Removing stm32h7xx_hal_mdma.o(.ARM.exidx.text.HAL_MDMA_GetState), (8 bytes).
    Removing stm32h7xx_hal_mdma.o(.text.HAL_MDMA_GetError), (16 bytes).
    Removing stm32h7xx_hal_mdma.o(.ARM.exidx.text.HAL_MDMA_GetError), (8 bytes).
    Removing stm32h7xx_hal_pwr.o(.text), (0 bytes).
    Removing stm32h7xx_hal_pwr.o(.text.HAL_PWR_DeInit), (2 bytes).
    Removing stm32h7xx_hal_pwr.o(.ARM.exidx.text.HAL_PWR_DeInit), (8 bytes).
    Removing stm32h7xx_hal_pwr.o(.text.HAL_PWR_EnableBkUpAccess), (18 bytes).
    Removing stm32h7xx_hal_pwr.o(.ARM.exidx.text.HAL_PWR_EnableBkUpAccess), (8 bytes).
    Removing stm32h7xx_hal_pwr.o(.text.HAL_PWR_DisableBkUpAccess), (18 bytes).
    Removing stm32h7xx_hal_pwr.o(.ARM.exidx.text.HAL_PWR_DisableBkUpAccess), (8 bytes).
    Removing stm32h7xx_hal_pwr.o(.text.HAL_PWR_ConfigPVD), (208 bytes).
    Removing stm32h7xx_hal_pwr.o(.ARM.exidx.text.HAL_PWR_ConfigPVD), (8 bytes).
    Removing stm32h7xx_hal_pwr.o(.text.HAL_PWR_EnablePVD), (18 bytes).
    Removing stm32h7xx_hal_pwr.o(.ARM.exidx.text.HAL_PWR_EnablePVD), (8 bytes).
    Removing stm32h7xx_hal_pwr.o(.text.HAL_PWR_DisablePVD), (18 bytes).
    Removing stm32h7xx_hal_pwr.o(.ARM.exidx.text.HAL_PWR_DisablePVD), (8 bytes).
    Removing stm32h7xx_hal_pwr.o(.text.HAL_PWR_EnableWakeUpPin), (38 bytes).
    Removing stm32h7xx_hal_pwr.o(.ARM.exidx.text.HAL_PWR_EnableWakeUpPin), (8 bytes).
    Removing stm32h7xx_hal_pwr.o(.text.HAL_PWR_DisableWakeUpPin), (36 bytes).
    Removing stm32h7xx_hal_pwr.o(.ARM.exidx.text.HAL_PWR_DisableWakeUpPin), (8 bytes).
    Removing stm32h7xx_hal_pwr.o(.text.HAL_PWR_EnterSLEEPMode), (54 bytes).
    Removing stm32h7xx_hal_pwr.o(.ARM.exidx.text.HAL_PWR_EnterSLEEPMode), (8 bytes).
    Removing stm32h7xx_hal_pwr.o(.text.HAL_PWR_EnterSTOPMode), (126 bytes).
    Removing stm32h7xx_hal_pwr.o(.ARM.exidx.text.HAL_PWR_EnterSTOPMode), (8 bytes).
    Removing stm32h7xx_hal_pwr.o(.text.HAL_PWR_EnterSTANDBYMode), (52 bytes).
    Removing stm32h7xx_hal_pwr.o(.ARM.exidx.text.HAL_PWR_EnterSTANDBYMode), (8 bytes).
    Removing stm32h7xx_hal_pwr.o(.text.HAL_PWR_EnableSleepOnExit), (18 bytes).
    Removing stm32h7xx_hal_pwr.o(.ARM.exidx.text.HAL_PWR_EnableSleepOnExit), (8 bytes).
    Removing stm32h7xx_hal_pwr.o(.text.HAL_PWR_DisableSleepOnExit), (18 bytes).
    Removing stm32h7xx_hal_pwr.o(.ARM.exidx.text.HAL_PWR_DisableSleepOnExit), (8 bytes).
    Removing stm32h7xx_hal_pwr.o(.text.HAL_PWR_EnableSEVOnPend), (18 bytes).
    Removing stm32h7xx_hal_pwr.o(.ARM.exidx.text.HAL_PWR_EnableSEVOnPend), (8 bytes).
    Removing stm32h7xx_hal_pwr.o(.text.HAL_PWR_DisableSEVOnPend), (18 bytes).
    Removing stm32h7xx_hal_pwr.o(.ARM.exidx.text.HAL_PWR_DisableSEVOnPend), (8 bytes).
    Removing stm32h7xx_hal_pwr.o(.text.HAL_PWR_PVD_IRQHandler), (46 bytes).
    Removing stm32h7xx_hal_pwr.o(.ARM.exidx.text.HAL_PWR_PVD_IRQHandler), (8 bytes).
    Removing stm32h7xx_hal_pwr.o(.text.HAL_PWR_PVDCallback), (2 bytes).
    Removing stm32h7xx_hal_pwr.o(.ARM.exidx.text.HAL_PWR_PVDCallback), (8 bytes).
    Removing stm32h7xx_hal_pwr_ex.o(.text), (0 bytes).
    Removing stm32h7xx_hal_pwr_ex.o(.ARM.exidx.text.HAL_PWREx_ConfigSupply), (8 bytes).
    Removing stm32h7xx_hal_pwr_ex.o(.text.HAL_PWREx_GetSupplyConfig), (16 bytes).
    Removing stm32h7xx_hal_pwr_ex.o(.ARM.exidx.text.HAL_PWREx_GetSupplyConfig), (8 bytes).
    Removing stm32h7xx_hal_pwr_ex.o(.text.HAL_PWREx_ControlVoltageScaling), (394 bytes).
    Removing stm32h7xx_hal_pwr_ex.o(.ARM.exidx.text.HAL_PWREx_ControlVoltageScaling), (8 bytes).
    Removing stm32h7xx_hal_pwr_ex.o(.text.HAL_PWREx_GetVoltageRange), (16 bytes).
    Removing stm32h7xx_hal_pwr_ex.o(.ARM.exidx.text.HAL_PWREx_GetVoltageRange), (8 bytes).
    Removing stm32h7xx_hal_pwr_ex.o(.text.HAL_PWREx_ControlStopModeVoltageScaling), (34 bytes).
    Removing stm32h7xx_hal_pwr_ex.o(.ARM.exidx.text.HAL_PWREx_ControlStopModeVoltageScaling), (8 bytes).
    Removing stm32h7xx_hal_pwr_ex.o(.text.HAL_PWREx_GetStopModeVoltageRange), (16 bytes).
    Removing stm32h7xx_hal_pwr_ex.o(.ARM.exidx.text.HAL_PWREx_GetStopModeVoltageRange), (8 bytes).
    Removing stm32h7xx_hal_pwr_ex.o(.text.HAL_PWREx_EnterSTOPMode), (182 bytes).
    Removing stm32h7xx_hal_pwr_ex.o(.ARM.exidx.text.HAL_PWREx_EnterSTOPMode), (8 bytes).
    Removing stm32h7xx_hal_pwr_ex.o(.text.HAL_PWREx_ClearPendingEvent), (4 bytes).
    Removing stm32h7xx_hal_pwr_ex.o(.ARM.exidx.text.HAL_PWREx_ClearPendingEvent), (8 bytes).
    Removing stm32h7xx_hal_pwr_ex.o(.text.HAL_PWREx_EnterSTANDBYMode), (102 bytes).
    Removing stm32h7xx_hal_pwr_ex.o(.ARM.exidx.text.HAL_PWREx_EnterSTANDBYMode), (8 bytes).
    Removing stm32h7xx_hal_pwr_ex.o(.text.HAL_PWREx_ConfigD3Domain), (32 bytes).
    Removing stm32h7xx_hal_pwr_ex.o(.ARM.exidx.text.HAL_PWREx_ConfigD3Domain), (8 bytes).
    Removing stm32h7xx_hal_pwr_ex.o(.text.HAL_PWREx_EnableFlashPowerDown), (18 bytes).
    Removing stm32h7xx_hal_pwr_ex.o(.ARM.exidx.text.HAL_PWREx_EnableFlashPowerDown), (8 bytes).
    Removing stm32h7xx_hal_pwr_ex.o(.text.HAL_PWREx_DisableFlashPowerDown), (18 bytes).
    Removing stm32h7xx_hal_pwr_ex.o(.ARM.exidx.text.HAL_PWREx_DisableFlashPowerDown), (8 bytes).
    Removing stm32h7xx_hal_pwr_ex.o(.text.HAL_PWREx_EnableWakeUpPin), (324 bytes).
    Removing stm32h7xx_hal_pwr_ex.o(.ARM.exidx.text.HAL_PWREx_EnableWakeUpPin), (8 bytes).
    Removing stm32h7xx_hal_pwr_ex.o(.text.HAL_PWREx_DisableWakeUpPin), (30 bytes).
    Removing stm32h7xx_hal_pwr_ex.o(.ARM.exidx.text.HAL_PWREx_DisableWakeUpPin), (8 bytes).
    Removing stm32h7xx_hal_pwr_ex.o(.text.HAL_PWREx_GetWakeupFlag), (26 bytes).
    Removing stm32h7xx_hal_pwr_ex.o(.ARM.exidx.text.HAL_PWREx_GetWakeupFlag), (8 bytes).
    Removing stm32h7xx_hal_pwr_ex.o(.text.HAL_PWREx_ClearWakeupFlag), (66 bytes).
    Removing stm32h7xx_hal_pwr_ex.o(.ARM.exidx.text.HAL_PWREx_ClearWakeupFlag), (8 bytes).
    Removing stm32h7xx_hal_pwr_ex.o(.text.HAL_PWREx_WAKEUP_PIN_IRQHandler), (234 bytes).
    Removing stm32h7xx_hal_pwr_ex.o(.ARM.exidx.text.HAL_PWREx_WAKEUP_PIN_IRQHandler), (8 bytes).
    Removing stm32h7xx_hal_pwr_ex.o(.text.HAL_PWREx_WKUP1_Callback), (2 bytes).
    Removing stm32h7xx_hal_pwr_ex.o(.ARM.exidx.text.HAL_PWREx_WKUP1_Callback), (8 bytes).
    Removing stm32h7xx_hal_pwr_ex.o(.text.HAL_PWREx_WKUP2_Callback), (2 bytes).
    Removing stm32h7xx_hal_pwr_ex.o(.ARM.exidx.text.HAL_PWREx_WKUP2_Callback), (8 bytes).
    Removing stm32h7xx_hal_pwr_ex.o(.text.HAL_PWREx_WKUP3_Callback), (2 bytes).
    Removing stm32h7xx_hal_pwr_ex.o(.ARM.exidx.text.HAL_PWREx_WKUP3_Callback), (8 bytes).
    Removing stm32h7xx_hal_pwr_ex.o(.text.HAL_PWREx_WKUP4_Callback), (2 bytes).
    Removing stm32h7xx_hal_pwr_ex.o(.ARM.exidx.text.HAL_PWREx_WKUP4_Callback), (8 bytes).
    Removing stm32h7xx_hal_pwr_ex.o(.text.HAL_PWREx_WKUP5_Callback), (2 bytes).
    Removing stm32h7xx_hal_pwr_ex.o(.ARM.exidx.text.HAL_PWREx_WKUP5_Callback), (8 bytes).
    Removing stm32h7xx_hal_pwr_ex.o(.text.HAL_PWREx_WKUP6_Callback), (2 bytes).
    Removing stm32h7xx_hal_pwr_ex.o(.ARM.exidx.text.HAL_PWREx_WKUP6_Callback), (8 bytes).
    Removing stm32h7xx_hal_pwr_ex.o(.text.HAL_PWREx_EnableBkUpReg), (98 bytes).
    Removing stm32h7xx_hal_pwr_ex.o(.ARM.exidx.text.HAL_PWREx_EnableBkUpReg), (8 bytes).
    Removing stm32h7xx_hal_pwr_ex.o(.text.HAL_PWREx_DisableBkUpReg), (98 bytes).
    Removing stm32h7xx_hal_pwr_ex.o(.ARM.exidx.text.HAL_PWREx_DisableBkUpReg), (8 bytes).
    Removing stm32h7xx_hal_pwr_ex.o(.text.HAL_PWREx_EnableUSBReg), (98 bytes).
    Removing stm32h7xx_hal_pwr_ex.o(.ARM.exidx.text.HAL_PWREx_EnableUSBReg), (8 bytes).
    Removing stm32h7xx_hal_pwr_ex.o(.text.HAL_PWREx_DisableUSBReg), (98 bytes).
    Removing stm32h7xx_hal_pwr_ex.o(.ARM.exidx.text.HAL_PWREx_DisableUSBReg), (8 bytes).
    Removing stm32h7xx_hal_pwr_ex.o(.text.HAL_PWREx_EnableUSBVoltageDetector), (18 bytes).
    Removing stm32h7xx_hal_pwr_ex.o(.ARM.exidx.text.HAL_PWREx_EnableUSBVoltageDetector), (8 bytes).
    Removing stm32h7xx_hal_pwr_ex.o(.text.HAL_PWREx_DisableUSBVoltageDetector), (18 bytes).
    Removing stm32h7xx_hal_pwr_ex.o(.ARM.exidx.text.HAL_PWREx_DisableUSBVoltageDetector), (8 bytes).
    Removing stm32h7xx_hal_pwr_ex.o(.text.HAL_PWREx_EnableBatteryCharging), (40 bytes).
    Removing stm32h7xx_hal_pwr_ex.o(.ARM.exidx.text.HAL_PWREx_EnableBatteryCharging), (8 bytes).
    Removing stm32h7xx_hal_pwr_ex.o(.text.HAL_PWREx_DisableBatteryCharging), (18 bytes).
    Removing stm32h7xx_hal_pwr_ex.o(.ARM.exidx.text.HAL_PWREx_DisableBatteryCharging), (8 bytes).
    Removing stm32h7xx_hal_pwr_ex.o(.text.HAL_PWREx_EnableMonitoring), (18 bytes).
    Removing stm32h7xx_hal_pwr_ex.o(.ARM.exidx.text.HAL_PWREx_EnableMonitoring), (8 bytes).
    Removing stm32h7xx_hal_pwr_ex.o(.text.HAL_PWREx_DisableMonitoring), (18 bytes).
    Removing stm32h7xx_hal_pwr_ex.o(.ARM.exidx.text.HAL_PWREx_DisableMonitoring), (8 bytes).
    Removing stm32h7xx_hal_pwr_ex.o(.text.HAL_PWREx_GetTemperatureLevel), (68 bytes).
    Removing stm32h7xx_hal_pwr_ex.o(.ARM.exidx.text.HAL_PWREx_GetTemperatureLevel), (8 bytes).
    Removing stm32h7xx_hal_pwr_ex.o(.text.HAL_PWREx_GetVBATLevel), (68 bytes).
    Removing stm32h7xx_hal_pwr_ex.o(.ARM.exidx.text.HAL_PWREx_GetVBATLevel), (8 bytes).
    Removing stm32h7xx_hal_pwr_ex.o(.text.HAL_PWREx_ConfigAVD), (198 bytes).
    Removing stm32h7xx_hal_pwr_ex.o(.ARM.exidx.text.HAL_PWREx_ConfigAVD), (8 bytes).
    Removing stm32h7xx_hal_pwr_ex.o(.text.HAL_PWREx_EnableAVD), (18 bytes).
    Removing stm32h7xx_hal_pwr_ex.o(.ARM.exidx.text.HAL_PWREx_EnableAVD), (8 bytes).
    Removing stm32h7xx_hal_pwr_ex.o(.text.HAL_PWREx_DisableAVD), (18 bytes).
    Removing stm32h7xx_hal_pwr_ex.o(.ARM.exidx.text.HAL_PWREx_DisableAVD), (8 bytes).
    Removing stm32h7xx_hal_pwr_ex.o(.text.HAL_PWREx_PVD_AVD_IRQHandler), (184 bytes).
    Removing stm32h7xx_hal_pwr_ex.o(.ARM.exidx.text.HAL_PWREx_PVD_AVD_IRQHandler), (8 bytes).
    Removing stm32h7xx_hal_pwr_ex.o(.text.HAL_PWREx_AVDCallback), (2 bytes).
    Removing stm32h7xx_hal_pwr_ex.o(.ARM.exidx.text.HAL_PWREx_AVDCallback), (8 bytes).
    Removing stm32h7xx_hal.o(.text), (0 bytes).
    Removing stm32h7xx_hal.o(.ARM.exidx.text.HAL_Init), (8 bytes).
    Removing stm32h7xx_hal.o(.ARM.exidx.text.HAL_InitTick), (8 bytes).
    Removing stm32h7xx_hal.o(.text.HAL_MspInit), (2 bytes).
    Removing stm32h7xx_hal.o(.ARM.exidx.text.HAL_MspInit), (8 bytes).
    Removing stm32h7xx_hal.o(.text.HAL_DeInit), (184 bytes).
    Removing stm32h7xx_hal.o(.ARM.exidx.text.HAL_DeInit), (8 bytes).
    Removing stm32h7xx_hal.o(.text.HAL_MspDeInit), (2 bytes).
    Removing stm32h7xx_hal.o(.ARM.exidx.text.HAL_MspDeInit), (8 bytes).
    Removing stm32h7xx_hal.o(.ARM.exidx.text.HAL_IncTick), (8 bytes).
    Removing stm32h7xx_hal.o(.ARM.exidx.text.HAL_GetTick), (8 bytes).
    Removing stm32h7xx_hal.o(.text.HAL_GetTickPrio), (12 bytes).
    Removing stm32h7xx_hal.o(.ARM.exidx.text.HAL_GetTickPrio), (8 bytes).
    Removing stm32h7xx_hal.o(.text.HAL_SetTickFreq), (112 bytes).
    Removing stm32h7xx_hal.o(.ARM.exidx.text.HAL_SetTickFreq), (8 bytes).
    Removing stm32h7xx_hal.o(.text.HAL_GetTickFreq), (12 bytes).
    Removing stm32h7xx_hal.o(.ARM.exidx.text.HAL_GetTickFreq), (8 bytes).
    Removing stm32h7xx_hal.o(.text.HAL_Delay), (78 bytes).
    Removing stm32h7xx_hal.o(.ARM.exidx.text.HAL_Delay), (8 bytes).
    Removing stm32h7xx_hal.o(.text.HAL_SuspendTick), (18 bytes).
    Removing stm32h7xx_hal.o(.ARM.exidx.text.HAL_SuspendTick), (8 bytes).
    Removing stm32h7xx_hal.o(.text.HAL_ResumeTick), (18 bytes).
    Removing stm32h7xx_hal.o(.ARM.exidx.text.HAL_ResumeTick), (8 bytes).
    Removing stm32h7xx_hal.o(.text.HAL_GetHalVersion), (10 bytes).
    Removing stm32h7xx_hal.o(.ARM.exidx.text.HAL_GetHalVersion), (8 bytes).
    Removing stm32h7xx_hal.o(.ARM.exidx.text.HAL_GetREVID), (8 bytes).
    Removing stm32h7xx_hal.o(.text.HAL_GetDEVID), (16 bytes).
    Removing stm32h7xx_hal.o(.ARM.exidx.text.HAL_GetDEVID), (8 bytes).
    Removing stm32h7xx_hal.o(.text.HAL_GetUIDw0), (12 bytes).
    Removing stm32h7xx_hal.o(.ARM.exidx.text.HAL_GetUIDw0), (8 bytes).
    Removing stm32h7xx_hal.o(.text.HAL_GetUIDw1), (12 bytes).
    Removing stm32h7xx_hal.o(.ARM.exidx.text.HAL_GetUIDw1), (8 bytes).
    Removing stm32h7xx_hal.o(.text.HAL_GetUIDw2), (12 bytes).
    Removing stm32h7xx_hal.o(.ARM.exidx.text.HAL_GetUIDw2), (8 bytes).
    Removing stm32h7xx_hal.o(.text.HAL_SYSCFG_VREFBUF_VoltageScalingConfig), (32 bytes).
    Removing stm32h7xx_hal.o(.ARM.exidx.text.HAL_SYSCFG_VREFBUF_VoltageScalingConfig), (8 bytes).
    Removing stm32h7xx_hal.o(.text.HAL_SYSCFG_VREFBUF_HighImpedanceConfig), (32 bytes).
    Removing stm32h7xx_hal.o(.ARM.exidx.text.HAL_SYSCFG_VREFBUF_HighImpedanceConfig), (8 bytes).
    Removing stm32h7xx_hal.o(.text.HAL_SYSCFG_VREFBUF_TrimmingConfig), (32 bytes).
    Removing stm32h7xx_hal.o(.ARM.exidx.text.HAL_SYSCFG_VREFBUF_TrimmingConfig), (8 bytes).
    Removing stm32h7xx_hal.o(.text.HAL_SYSCFG_EnableVREFBUF), (90 bytes).
    Removing stm32h7xx_hal.o(.ARM.exidx.text.HAL_SYSCFG_EnableVREFBUF), (8 bytes).
    Removing stm32h7xx_hal.o(.text.HAL_SYSCFG_DisableVREFBUF), (18 bytes).
    Removing stm32h7xx_hal.o(.ARM.exidx.text.HAL_SYSCFG_DisableVREFBUF), (8 bytes).
    Removing stm32h7xx_hal.o(.text.HAL_SYSCFG_ETHInterfaceSelect), (32 bytes).
    Removing stm32h7xx_hal.o(.ARM.exidx.text.HAL_SYSCFG_ETHInterfaceSelect), (8 bytes).
    Removing stm32h7xx_hal.o(.text.HAL_SYSCFG_AnalogSwitchConfig), (46 bytes).
    Removing stm32h7xx_hal.o(.ARM.exidx.text.HAL_SYSCFG_AnalogSwitchConfig), (8 bytes).
    Removing stm32h7xx_hal.o(.text.HAL_SYSCFG_EnableBOOST), (18 bytes).
    Removing stm32h7xx_hal.o(.ARM.exidx.text.HAL_SYSCFG_EnableBOOST), (8 bytes).
    Removing stm32h7xx_hal.o(.text.HAL_SYSCFG_DisableBOOST), (18 bytes).
    Removing stm32h7xx_hal.o(.ARM.exidx.text.HAL_SYSCFG_DisableBOOST), (8 bytes).
    Removing stm32h7xx_hal.o(.text.HAL_SYSCFG_CM7BootAddConfig), (72 bytes).
    Removing stm32h7xx_hal.o(.ARM.exidx.text.HAL_SYSCFG_CM7BootAddConfig), (8 bytes).
    Removing stm32h7xx_hal.o(.text.HAL_EnableCompensationCell), (18 bytes).
    Removing stm32h7xx_hal.o(.ARM.exidx.text.HAL_EnableCompensationCell), (8 bytes).
    Removing stm32h7xx_hal.o(.text.HAL_DisableCompensationCell), (18 bytes).
    Removing stm32h7xx_hal.o(.ARM.exidx.text.HAL_DisableCompensationCell), (8 bytes).
    Removing stm32h7xx_hal.o(.text.HAL_SYSCFG_EnableIOSpeedOptimize), (18 bytes).
    Removing stm32h7xx_hal.o(.ARM.exidx.text.HAL_SYSCFG_EnableIOSpeedOptimize), (8 bytes).
    Removing stm32h7xx_hal.o(.text.HAL_SYSCFG_DisableIOSpeedOptimize), (18 bytes).
    Removing stm32h7xx_hal.o(.ARM.exidx.text.HAL_SYSCFG_DisableIOSpeedOptimize), (8 bytes).
    Removing stm32h7xx_hal.o(.text.HAL_SYSCFG_CompensationCodeSelect), (32 bytes).
    Removing stm32h7xx_hal.o(.ARM.exidx.text.HAL_SYSCFG_CompensationCodeSelect), (8 bytes).
    Removing stm32h7xx_hal.o(.text.HAL_SYSCFG_CompensationCodeConfig), (52 bytes).
    Removing stm32h7xx_hal.o(.ARM.exidx.text.HAL_SYSCFG_CompensationCodeConfig), (8 bytes).
    Removing stm32h7xx_hal.o(.text.HAL_DBGMCU_EnableDBGSleepMode), (18 bytes).
    Removing stm32h7xx_hal.o(.ARM.exidx.text.HAL_DBGMCU_EnableDBGSleepMode), (8 bytes).
    Removing stm32h7xx_hal.o(.text.HAL_DBGMCU_DisableDBGSleepMode), (18 bytes).
    Removing stm32h7xx_hal.o(.ARM.exidx.text.HAL_DBGMCU_DisableDBGSleepMode), (8 bytes).
    Removing stm32h7xx_hal.o(.text.HAL_DBGMCU_EnableDBGStopMode), (18 bytes).
    Removing stm32h7xx_hal.o(.ARM.exidx.text.HAL_DBGMCU_EnableDBGStopMode), (8 bytes).
    Removing stm32h7xx_hal.o(.text.HAL_DBGMCU_DisableDBGStopMode), (18 bytes).
    Removing stm32h7xx_hal.o(.ARM.exidx.text.HAL_DBGMCU_DisableDBGStopMode), (8 bytes).
    Removing stm32h7xx_hal.o(.text.HAL_DBGMCU_EnableDBGStandbyMode), (18 bytes).
    Removing stm32h7xx_hal.o(.ARM.exidx.text.HAL_DBGMCU_EnableDBGStandbyMode), (8 bytes).
    Removing stm32h7xx_hal.o(.text.HAL_DBGMCU_DisableDBGStandbyMode), (18 bytes).
    Removing stm32h7xx_hal.o(.ARM.exidx.text.HAL_DBGMCU_DisableDBGStandbyMode), (8 bytes).
    Removing stm32h7xx_hal.o(.text.HAL_SetFMCMemorySwappingConfig), (32 bytes).
    Removing stm32h7xx_hal.o(.ARM.exidx.text.HAL_SetFMCMemorySwappingConfig), (8 bytes).
    Removing stm32h7xx_hal.o(.text.HAL_GetFMCMemorySwappingConfig), (16 bytes).
    Removing stm32h7xx_hal.o(.ARM.exidx.text.HAL_GetFMCMemorySwappingConfig), (8 bytes).
    Removing stm32h7xx_hal.o(.text.HAL_EXTI_EdgeConfig), (166 bytes).
    Removing stm32h7xx_hal.o(.ARM.exidx.text.HAL_EXTI_EdgeConfig), (8 bytes).
    Removing stm32h7xx_hal.o(.text.HAL_EXTI_GenerateSWInterrupt), (44 bytes).
    Removing stm32h7xx_hal.o(.ARM.exidx.text.HAL_EXTI_GenerateSWInterrupt), (8 bytes).
    Removing stm32h7xx_hal.o(.text.HAL_EXTI_D1_ClearFlag), (44 bytes).
    Removing stm32h7xx_hal.o(.ARM.exidx.text.HAL_EXTI_D1_ClearFlag), (8 bytes).
    Removing stm32h7xx_hal.o(.text.HAL_EXTI_D1_EventInputConfig), (226 bytes).
    Removing stm32h7xx_hal.o(.ARM.exidx.text.HAL_EXTI_D1_EventInputConfig), (8 bytes).
    Removing stm32h7xx_hal.o(.text.HAL_EXTI_D3_EventInputConfig), (178 bytes).
    Removing stm32h7xx_hal.o(.ARM.exidx.text.HAL_EXTI_D3_EventInputConfig), (8 bytes).
    Removing stm32h7xx_hal_i2c.o(.text), (0 bytes).
    Removing stm32h7xx_hal_i2c.o(.text.HAL_I2C_Init), (284 bytes).
    Removing stm32h7xx_hal_i2c.o(.ARM.exidx.text.HAL_I2C_Init), (8 bytes).
    Removing stm32h7xx_hal_i2c.o(.text.HAL_I2C_MspInit), (12 bytes).
    Removing stm32h7xx_hal_i2c.o(.ARM.exidx.text.HAL_I2C_MspInit), (8 bytes).
    Removing stm32h7xx_hal_i2c.o(.text.HAL_I2C_DeInit), (102 bytes).
    Removing stm32h7xx_hal_i2c.o(.ARM.exidx.text.HAL_I2C_DeInit), (8 bytes).
    Removing stm32h7xx_hal_i2c.o(.text.HAL_I2C_MspDeInit), (12 bytes).
    Removing stm32h7xx_hal_i2c.o(.ARM.exidx.text.HAL_I2C_MspDeInit), (8 bytes).
    Removing stm32h7xx_hal_i2c.o(.text.HAL_I2C_Master_Transmit), (644 bytes).
    Removing stm32h7xx_hal_i2c.o(.ARM.exidx.text.HAL_I2C_Master_Transmit), (8 bytes).
    Removing stm32h7xx_hal_i2c.o(.text.I2C_WaitOnFlagUntilTimeout), (230 bytes).
    Removing stm32h7xx_hal_i2c.o(.ARM.exidx.text.I2C_WaitOnFlagUntilTimeout), (8 bytes).
    Removing stm32h7xx_hal_i2c.o(.text.I2C_TransferConfig), (108 bytes).
    Removing stm32h7xx_hal_i2c.o(.ARM.exidx.text.I2C_TransferConfig), (8 bytes).
    Removing stm32h7xx_hal_i2c.o(.text.I2C_WaitOnTXISFlagUntilTimeout), (200 bytes).
    Removing stm32h7xx_hal_i2c.o(.ARM.exidx.text.I2C_WaitOnTXISFlagUntilTimeout), (8 bytes).
    Removing stm32h7xx_hal_i2c.o(.text.I2C_WaitOnSTOPFlagUntilTimeout), (188 bytes).
    Removing stm32h7xx_hal_i2c.o(.ARM.exidx.text.I2C_WaitOnSTOPFlagUntilTimeout), (8 bytes).
    Removing stm32h7xx_hal_i2c.o(.text.HAL_I2C_Master_Receive), (582 bytes).
    Removing stm32h7xx_hal_i2c.o(.ARM.exidx.text.HAL_I2C_Master_Receive), (8 bytes).
    Removing stm32h7xx_hal_i2c.o(.text.I2C_WaitOnRXNEFlagUntilTimeout), (390 bytes).
    Removing stm32h7xx_hal_i2c.o(.ARM.exidx.text.I2C_WaitOnRXNEFlagUntilTimeout), (8 bytes).
    Removing stm32h7xx_hal_i2c.o(.text.HAL_I2C_Slave_Transmit), (726 bytes).
    Removing stm32h7xx_hal_i2c.o(.ARM.exidx.text.HAL_I2C_Slave_Transmit), (8 bytes).
    Removing stm32h7xx_hal_i2c.o(.text.I2C_Flush_TXDR), (70 bytes).
    Removing stm32h7xx_hal_i2c.o(.ARM.exidx.text.I2C_Flush_TXDR), (8 bytes).
    Removing stm32h7xx_hal_i2c.o(.text.HAL_I2C_Slave_Receive), (588 bytes).
    Removing stm32h7xx_hal_i2c.o(.ARM.exidx.text.HAL_I2C_Slave_Receive), (8 bytes).
    Removing stm32h7xx_hal_i2c.o(.text.HAL_I2C_Master_Transmit_IT), (372 bytes).
    Removing stm32h7xx_hal_i2c.o(.ARM.exidx.text.HAL_I2C_Master_Transmit_IT), (8 bytes).
    Removing stm32h7xx_hal_i2c.o(.text.I2C_Master_ISR_IT), (744 bytes).
    Removing stm32h7xx_hal_i2c.o(.ARM.exidx.text.I2C_Master_ISR_IT), (8 bytes).
    Removing stm32h7xx_hal_i2c.o(.text.I2C_Enable_IRQ), (326 bytes).
    Removing stm32h7xx_hal_i2c.o(.ARM.exidx.text.I2C_Enable_IRQ), (8 bytes).
    Removing stm32h7xx_hal_i2c.o(.text.HAL_I2C_Master_Receive_IT), (284 bytes).
    Removing stm32h7xx_hal_i2c.o(.ARM.exidx.text.HAL_I2C_Master_Receive_IT), (8 bytes).
    Removing stm32h7xx_hal_i2c.o(.text.HAL_I2C_Slave_Transmit_IT), (246 bytes).
    Removing stm32h7xx_hal_i2c.o(.ARM.exidx.text.HAL_I2C_Slave_Transmit_IT), (8 bytes).
    Removing stm32h7xx_hal_i2c.o(.text.I2C_Slave_ISR_IT), (612 bytes).
    Removing stm32h7xx_hal_i2c.o(.ARM.exidx.text.I2C_Slave_ISR_IT), (8 bytes).
    Removing stm32h7xx_hal_i2c.o(.text.HAL_I2C_Slave_Receive_IT), (198 bytes).
    Removing stm32h7xx_hal_i2c.o(.ARM.exidx.text.HAL_I2C_Slave_Receive_IT), (8 bytes).
    Removing stm32h7xx_hal_i2c.o(.text.HAL_I2C_Master_Transmit_DMA), (642 bytes).
    Removing stm32h7xx_hal_i2c.o(.ARM.exidx.text.HAL_I2C_Master_Transmit_DMA), (8 bytes).
    Removing stm32h7xx_hal_i2c.o(.text.I2C_Master_ISR_DMA), (576 bytes).
    Removing stm32h7xx_hal_i2c.o(.ARM.exidx.text.I2C_Master_ISR_DMA), (8 bytes).
    Removing stm32h7xx_hal_i2c.o(.text.I2C_DMAMasterTransmitCplt), (148 bytes).
    Removing stm32h7xx_hal_i2c.o(.ARM.exidx.text.I2C_DMAMasterTransmitCplt), (8 bytes).
    Removing stm32h7xx_hal_i2c.o(.text.I2C_DMAError), (786 bytes).
    Removing stm32h7xx_hal_i2c.o(.ARM.exidx.text.I2C_DMAError), (8 bytes).
    Removing stm32h7xx_hal_i2c.o(.text.HAL_I2C_Master_Receive_DMA), (574 bytes).
    Removing stm32h7xx_hal_i2c.o(.ARM.exidx.text.HAL_I2C_Master_Receive_DMA), (8 bytes).
    Removing stm32h7xx_hal_i2c.o(.text.I2C_DMAMasterReceiveCplt), (142 bytes).
    Removing stm32h7xx_hal_i2c.o(.ARM.exidx.text.I2C_DMAMasterReceiveCplt), (8 bytes).
    Removing stm32h7xx_hal_i2c.o(.text.HAL_I2C_Slave_Transmit_DMA), (532 bytes).
    Removing stm32h7xx_hal_i2c.o(.ARM.exidx.text.HAL_I2C_Slave_Transmit_DMA), (8 bytes).
    Removing stm32h7xx_hal_i2c.o(.text.I2C_Slave_ISR_DMA), (1260 bytes).
    Removing stm32h7xx_hal_i2c.o(.ARM.exidx.text.I2C_Slave_ISR_DMA), (8 bytes).
    Removing stm32h7xx_hal_i2c.o(.text.I2C_DMASlaveTransmitCplt), (66 bytes).
    Removing stm32h7xx_hal_i2c.o(.ARM.exidx.text.I2C_DMASlaveTransmitCplt), (8 bytes).
    Removing stm32h7xx_hal_i2c.o(.text.HAL_I2C_Slave_Receive_DMA), (432 bytes).
    Removing stm32h7xx_hal_i2c.o(.ARM.exidx.text.HAL_I2C_Slave_Receive_DMA), (8 bytes).
    Removing stm32h7xx_hal_i2c.o(.text.I2C_DMASlaveReceiveCplt), (398 bytes).
    Removing stm32h7xx_hal_i2c.o(.ARM.exidx.text.I2C_DMASlaveReceiveCplt), (8 bytes).
    Removing stm32h7xx_hal_i2c.o(.text.HAL_I2C_Mem_Write), (682 bytes).
    Removing stm32h7xx_hal_i2c.o(.ARM.exidx.text.HAL_I2C_Mem_Write), (8 bytes).
    Removing stm32h7xx_hal_i2c.o(.text.I2C_RequestMemoryWrite), (226 bytes).
    Removing stm32h7xx_hal_i2c.o(.ARM.exidx.text.I2C_RequestMemoryWrite), (8 bytes).
    Removing stm32h7xx_hal_i2c.o(.text.HAL_I2C_Mem_Read), (700 bytes).
    Removing stm32h7xx_hal_i2c.o(.ARM.exidx.text.HAL_I2C_Mem_Read), (8 bytes).
    Removing stm32h7xx_hal_i2c.o(.text.I2C_RequestMemoryRead), (224 bytes).
    Removing stm32h7xx_hal_i2c.o(.ARM.exidx.text.I2C_RequestMemoryRead), (8 bytes).
    Removing stm32h7xx_hal_i2c.o(.text.HAL_I2C_Mem_Write_IT), (356 bytes).
    Removing stm32h7xx_hal_i2c.o(.ARM.exidx.text.HAL_I2C_Mem_Write_IT), (8 bytes).
    Removing stm32h7xx_hal_i2c.o(.text.I2C_Mem_ISR_IT), (728 bytes).
    Removing stm32h7xx_hal_i2c.o(.ARM.exidx.text.I2C_Mem_ISR_IT), (8 bytes).
    Removing stm32h7xx_hal_i2c.o(.text.HAL_I2C_Mem_Read_IT), (350 bytes).
    Removing stm32h7xx_hal_i2c.o(.ARM.exidx.text.HAL_I2C_Mem_Read_IT), (8 bytes).
    Removing stm32h7xx_hal_i2c.o(.text.HAL_I2C_Mem_Write_DMA), (572 bytes).
    Removing stm32h7xx_hal_i2c.o(.ARM.exidx.text.HAL_I2C_Mem_Write_DMA), (8 bytes).
    Removing stm32h7xx_hal_i2c.o(.text.I2C_Mem_ISR_DMA), (706 bytes).
    Removing stm32h7xx_hal_i2c.o(.ARM.exidx.text.I2C_Mem_ISR_DMA), (8 bytes).
    Removing stm32h7xx_hal_i2c.o(.text.HAL_I2C_Mem_Read_DMA), (566 bytes).
    Removing stm32h7xx_hal_i2c.o(.ARM.exidx.text.HAL_I2C_Mem_Read_DMA), (8 bytes).
    Removing stm32h7xx_hal_i2c.o(.text.HAL_I2C_IsDeviceReady), (574 bytes).
    Removing stm32h7xx_hal_i2c.o(.ARM.exidx.text.HAL_I2C_IsDeviceReady), (8 bytes).
    Removing stm32h7xx_hal_i2c.o(.text.HAL_I2C_Master_Seq_Transmit_IT), (468 bytes).
    Removing stm32h7xx_hal_i2c.o(.ARM.exidx.text.HAL_I2C_Master_Seq_Transmit_IT), (8 bytes).
    Removing stm32h7xx_hal_i2c.o(.text.I2C_ConvertOtherXferOptions), (56 bytes).
    Removing stm32h7xx_hal_i2c.o(.ARM.exidx.text.I2C_ConvertOtherXferOptions), (8 bytes).
    Removing stm32h7xx_hal_i2c.o(.text.HAL_I2C_Master_Seq_Transmit_DMA), (802 bytes).
    Removing stm32h7xx_hal_i2c.o(.ARM.exidx.text.HAL_I2C_Master_Seq_Transmit_DMA), (8 bytes).
    Removing stm32h7xx_hal_i2c.o(.text.HAL_I2C_Master_Seq_Receive_IT), (346 bytes).
    Removing stm32h7xx_hal_i2c.o(.ARM.exidx.text.HAL_I2C_Master_Seq_Receive_IT), (8 bytes).
    Removing stm32h7xx_hal_i2c.o(.text.HAL_I2C_Master_Seq_Receive_DMA), (634 bytes).
    Removing stm32h7xx_hal_i2c.o(.ARM.exidx.text.HAL_I2C_Master_Seq_Receive_DMA), (8 bytes).
    Removing stm32h7xx_hal_i2c.o(.text.HAL_I2C_Slave_Seq_Transmit_IT), (404 bytes).
    Removing stm32h7xx_hal_i2c.o(.ARM.exidx.text.HAL_I2C_Slave_Seq_Transmit_IT), (8 bytes).
    Removing stm32h7xx_hal_i2c.o(.text.I2C_Disable_IRQ), (216 bytes).
    Removing stm32h7xx_hal_i2c.o(.ARM.exidx.text.I2C_Disable_IRQ), (8 bytes).
    Removing stm32h7xx_hal_i2c.o(.text.I2C_DMAAbort), (66 bytes).
    Removing stm32h7xx_hal_i2c.o(.ARM.exidx.text.I2C_DMAAbort), (8 bytes).
    Removing stm32h7xx_hal_i2c.o(.text.HAL_I2C_Slave_Seq_Transmit_DMA), (718 bytes).
    Removing stm32h7xx_hal_i2c.o(.ARM.exidx.text.HAL_I2C_Slave_Seq_Transmit_DMA), (8 bytes).
    Removing stm32h7xx_hal_i2c.o(.text.HAL_I2C_Slave_Seq_Receive_IT), (402 bytes).
    Removing stm32h7xx_hal_i2c.o(.ARM.exidx.text.HAL_I2C_Slave_Seq_Receive_IT), (8 bytes).
    Removing stm32h7xx_hal_i2c.o(.text.HAL_I2C_Slave_Seq_Receive_DMA), (714 bytes).
    Removing stm32h7xx_hal_i2c.o(.ARM.exidx.text.HAL_I2C_Slave_Seq_Receive_DMA), (8 bytes).
    Removing stm32h7xx_hal_i2c.o(.text.HAL_I2C_EnableListen_IT), (76 bytes).
    Removing stm32h7xx_hal_i2c.o(.ARM.exidx.text.HAL_I2C_EnableListen_IT), (8 bytes).
    Removing stm32h7xx_hal_i2c.o(.text.HAL_I2C_DisableListen_IT), (106 bytes).
    Removing stm32h7xx_hal_i2c.o(.ARM.exidx.text.HAL_I2C_DisableListen_IT), (8 bytes).
    Removing stm32h7xx_hal_i2c.o(.text.HAL_I2C_Master_Abort_IT), (204 bytes).
    Removing stm32h7xx_hal_i2c.o(.ARM.exidx.text.HAL_I2C_Master_Abort_IT), (8 bytes).
    Removing stm32h7xx_hal_i2c.o(.text.HAL_I2C_EV_IRQHandler), (62 bytes).
    Removing stm32h7xx_hal_i2c.o(.ARM.exidx.text.HAL_I2C_EV_IRQHandler), (8 bytes).
    Removing stm32h7xx_hal_i2c.o(.text.HAL_I2C_ER_IRQHandler), (214 bytes).
    Removing stm32h7xx_hal_i2c.o(.ARM.exidx.text.HAL_I2C_ER_IRQHandler), (8 bytes).
    Removing stm32h7xx_hal_i2c.o(.text.I2C_ITError), (522 bytes).
    Removing stm32h7xx_hal_i2c.o(.ARM.exidx.text.I2C_ITError), (8 bytes).
    Removing stm32h7xx_hal_i2c.o(.text.HAL_I2C_MasterTxCpltCallback), (12 bytes).
    Removing stm32h7xx_hal_i2c.o(.ARM.exidx.text.HAL_I2C_MasterTxCpltCallback), (8 bytes).
    Removing stm32h7xx_hal_i2c.o(.text.HAL_I2C_MasterRxCpltCallback), (12 bytes).
    Removing stm32h7xx_hal_i2c.o(.ARM.exidx.text.HAL_I2C_MasterRxCpltCallback), (8 bytes).
    Removing stm32h7xx_hal_i2c.o(.text.HAL_I2C_SlaveTxCpltCallback), (12 bytes).
    Removing stm32h7xx_hal_i2c.o(.ARM.exidx.text.HAL_I2C_SlaveTxCpltCallback), (8 bytes).
    Removing stm32h7xx_hal_i2c.o(.text.HAL_I2C_SlaveRxCpltCallback), (12 bytes).
    Removing stm32h7xx_hal_i2c.o(.ARM.exidx.text.HAL_I2C_SlaveRxCpltCallback), (8 bytes).
    Removing stm32h7xx_hal_i2c.o(.text.HAL_I2C_AddrCallback), (34 bytes).
    Removing stm32h7xx_hal_i2c.o(.ARM.exidx.text.HAL_I2C_AddrCallback), (8 bytes).
    Removing stm32h7xx_hal_i2c.o(.text.HAL_I2C_ListenCpltCallback), (12 bytes).
    Removing stm32h7xx_hal_i2c.o(.ARM.exidx.text.HAL_I2C_ListenCpltCallback), (8 bytes).
    Removing stm32h7xx_hal_i2c.o(.text.HAL_I2C_MemTxCpltCallback), (12 bytes).
    Removing stm32h7xx_hal_i2c.o(.ARM.exidx.text.HAL_I2C_MemTxCpltCallback), (8 bytes).
    Removing stm32h7xx_hal_i2c.o(.text.HAL_I2C_MemRxCpltCallback), (12 bytes).
    Removing stm32h7xx_hal_i2c.o(.ARM.exidx.text.HAL_I2C_MemRxCpltCallback), (8 bytes).
    Removing stm32h7xx_hal_i2c.o(.text.HAL_I2C_ErrorCallback), (12 bytes).
    Removing stm32h7xx_hal_i2c.o(.ARM.exidx.text.HAL_I2C_ErrorCallback), (8 bytes).
    Removing stm32h7xx_hal_i2c.o(.text.HAL_I2C_AbortCpltCallback), (12 bytes).
    Removing stm32h7xx_hal_i2c.o(.ARM.exidx.text.HAL_I2C_AbortCpltCallback), (8 bytes).
    Removing stm32h7xx_hal_i2c.o(.text.HAL_I2C_GetState), (18 bytes).
    Removing stm32h7xx_hal_i2c.o(.ARM.exidx.text.HAL_I2C_GetState), (8 bytes).
    Removing stm32h7xx_hal_i2c.o(.text.HAL_I2C_GetMode), (18 bytes).
    Removing stm32h7xx_hal_i2c.o(.ARM.exidx.text.HAL_I2C_GetMode), (8 bytes).
    Removing stm32h7xx_hal_i2c.o(.text.HAL_I2C_GetError), (16 bytes).
    Removing stm32h7xx_hal_i2c.o(.ARM.exidx.text.HAL_I2C_GetError), (8 bytes).
    Removing stm32h7xx_hal_i2c.o(.text.I2C_ITMasterSeqCplt), (130 bytes).
    Removing stm32h7xx_hal_i2c.o(.ARM.exidx.text.I2C_ITMasterSeqCplt), (8 bytes).
    Removing stm32h7xx_hal_i2c.o(.text.I2C_ITMasterCplt), (448 bytes).
    Removing stm32h7xx_hal_i2c.o(.ARM.exidx.text.I2C_ITMasterCplt), (8 bytes).
    Removing stm32h7xx_hal_i2c.o(.text.I2C_ITSlaveCplt), (1468 bytes).
    Removing stm32h7xx_hal_i2c.o(.ARM.exidx.text.I2C_ITSlaveCplt), (8 bytes).
    Removing stm32h7xx_hal_i2c.o(.text.I2C_ITListenCplt), (168 bytes).
    Removing stm32h7xx_hal_i2c.o(.ARM.exidx.text.I2C_ITListenCplt), (8 bytes).
    Removing stm32h7xx_hal_i2c.o(.text.I2C_ITSlaveSeqCplt), (204 bytes).
    Removing stm32h7xx_hal_i2c.o(.ARM.exidx.text.I2C_ITSlaveSeqCplt), (8 bytes).
    Removing stm32h7xx_hal_i2c.o(.text.I2C_ITAddrCplt), (308 bytes).
    Removing stm32h7xx_hal_i2c.o(.ARM.exidx.text.I2C_ITAddrCplt), (8 bytes).
    Removing stm32h7xx_hal_i2c.o(.text.I2C_TreatErrorCallback), (86 bytes).
    Removing stm32h7xx_hal_i2c.o(.ARM.exidx.text.I2C_TreatErrorCallback), (8 bytes).
    Removing stm32h7xx_hal_i2c.o(.text.I2C_IsErrorOccurred), (544 bytes).
    Removing stm32h7xx_hal_i2c.o(.ARM.exidx.text.I2C_IsErrorOccurred), (8 bytes).
    Removing stm32h7xx_hal_i2c_ex.o(.text), (0 bytes).
    Removing stm32h7xx_hal_i2c_ex.o(.text.HAL_I2CEx_ConfigAnalogFilter), (160 bytes).
    Removing stm32h7xx_hal_i2c_ex.o(.ARM.exidx.text.HAL_I2CEx_ConfigAnalogFilter), (8 bytes).
    Removing stm32h7xx_hal_i2c_ex.o(.text.HAL_I2CEx_ConfigDigitalFilter), (170 bytes).
    Removing stm32h7xx_hal_i2c_ex.o(.ARM.exidx.text.HAL_I2CEx_ConfigDigitalFilter), (8 bytes).
    Removing stm32h7xx_hal_i2c_ex.o(.text.HAL_I2CEx_EnableWakeUp), (142 bytes).
    Removing stm32h7xx_hal_i2c_ex.o(.ARM.exidx.text.HAL_I2CEx_EnableWakeUp), (8 bytes).
    Removing stm32h7xx_hal_i2c_ex.o(.text.HAL_I2CEx_DisableWakeUp), (142 bytes).
    Removing stm32h7xx_hal_i2c_ex.o(.ARM.exidx.text.HAL_I2CEx_DisableWakeUp), (8 bytes).
    Removing stm32h7xx_hal_i2c_ex.o(.text.HAL_I2CEx_EnableFastModePlus), (60 bytes).
    Removing stm32h7xx_hal_i2c_ex.o(.ARM.exidx.text.HAL_I2CEx_EnableFastModePlus), (8 bytes).
    Removing stm32h7xx_hal_i2c_ex.o(.text.HAL_I2CEx_DisableFastModePlus), (62 bytes).
    Removing stm32h7xx_hal_i2c_ex.o(.ARM.exidx.text.HAL_I2CEx_DisableFastModePlus), (8 bytes).
    Removing stm32h7xx_hal_exti.o(.text), (0 bytes).
    Removing stm32h7xx_hal_exti.o(.text.HAL_EXTI_SetConfigLine), (608 bytes).
    Removing stm32h7xx_hal_exti.o(.ARM.exidx.text.HAL_EXTI_SetConfigLine), (8 bytes).
    Removing stm32h7xx_hal_exti.o(.text.HAL_EXTI_GetConfigLine), (474 bytes).
    Removing stm32h7xx_hal_exti.o(.ARM.exidx.text.HAL_EXTI_GetConfigLine), (8 bytes).
    Removing stm32h7xx_hal_exti.o(.text.HAL_EXTI_ClearConfigLine), (394 bytes).
    Removing stm32h7xx_hal_exti.o(.ARM.exidx.text.HAL_EXTI_ClearConfigLine), (8 bytes).
    Removing stm32h7xx_hal_exti.o(.text.HAL_EXTI_RegisterCallback), (94 bytes).
    Removing stm32h7xx_hal_exti.o(.ARM.exidx.text.HAL_EXTI_RegisterCallback), (8 bytes).
    Removing stm32h7xx_hal_exti.o(.text.HAL_EXTI_GetHandle), (52 bytes).
    Removing stm32h7xx_hal_exti.o(.ARM.exidx.text.HAL_EXTI_GetHandle), (8 bytes).
    Removing stm32h7xx_hal_exti.o(.text.HAL_EXTI_IRQHandler), (98 bytes).
    Removing stm32h7xx_hal_exti.o(.ARM.exidx.text.HAL_EXTI_IRQHandler), (8 bytes).
    Removing stm32h7xx_hal_exti.o(.text.HAL_EXTI_GetPending), (78 bytes).
    Removing stm32h7xx_hal_exti.o(.ARM.exidx.text.HAL_EXTI_GetPending), (8 bytes).
    Removing stm32h7xx_hal_exti.o(.text.HAL_EXTI_ClearPending), (64 bytes).
    Removing stm32h7xx_hal_exti.o(.ARM.exidx.text.HAL_EXTI_ClearPending), (8 bytes).
    Removing stm32h7xx_hal_exti.o(.text.HAL_EXTI_GenerateSWI), (58 bytes).
    Removing stm32h7xx_hal_exti.o(.ARM.exidx.text.HAL_EXTI_GenerateSWI), (8 bytes).
    Removing stm32h7xx_hal_tim.o(.text), (0 bytes).
    Removing stm32h7xx_hal_tim_ex.o(.text), (0 bytes).
    Removing system_stm32h7xx.o(.text), (0 bytes).
    Removing system_stm32h7xx.o(.ARM.exidx.text.SystemInit), (8 bytes).
    Removing system_stm32h7xx.o(.text.SystemCoreClockUpdate), (776 bytes).
    Removing system_stm32h7xx.o(.ARM.exidx.text.SystemCoreClockUpdate), (8 bytes).

787 unused section(s) (total 95394 bytes) removed from the image.

==============================================================================

Image Symbol Table

    Local Symbols

    Symbol Name                              Value     Ov Type        Size  Object(Section)

    ../clib/microlib/init/entry.s            0x00000000   Number         0  entry9b.o ABSOLUTE
    ../clib/microlib/init/entry.s            0x00000000   Number         0  entry10a.o ABSOLUTE
    ../clib/microlib/init/entry.s            0x00000000   Number         0  entry10b.o ABSOLUTE
    ../clib/microlib/init/entry.s            0x00000000   Number         0  entry11a.o ABSOLUTE
    ../clib/microlib/init/entry.s            0x00000000   Number         0  entry11b.o ABSOLUTE
    ../clib/microlib/init/entry.s            0x00000000   Number         0  entry8b.o ABSOLUTE
    ../clib/microlib/init/entry.s            0x00000000   Number         0  entry8a.o ABSOLUTE
    ../clib/microlib/init/entry.s            0x00000000   Number         0  entry7b.o ABSOLUTE
    ../clib/microlib/init/entry.s            0x00000000   Number         0  entry7a.o ABSOLUTE
    ../clib/microlib/init/entry.s            0x00000000   Number         0  entry5.o ABSOLUTE
    ../clib/microlib/init/entry.s            0x00000000   Number         0  entry2.o ABSOLUTE
    ../clib/microlib/init/entry.s            0x00000000   Number         0  entry9a.o ABSOLUTE
    ../clib/microlib/init/entry.s            0x00000000   Number         0  entry.o ABSOLUTE
    ../clib/microlib/string/memset.c         0x00000000   Number         0  memseta.o ABSOLUTE
    dc.s                                     0x00000000   Number         0  dc.o ABSOLUTE
    gpio.c                                   0x00000000   Number         0  gpio.o ABSOLUTE
    handlers.s                               0x00000000   Number         0  handlers.o ABSOLUTE
    init.s                                   0x00000000   Number         0  init.o ABSOLUTE
    main.c                                   0x00000000   Number         0  main.o ABSOLUTE
    memorymap.c                              0x00000000   Number         0  memorymap.o ABSOLUTE
    startup_stm32h750xx.s                    0x00000000   Number         0  startup_stm32h750xx.o ABSOLUTE
    stm32h7xx_hal.c                          0x00000000   Number         0  stm32h7xx_hal.o ABSOLUTE
    stm32h7xx_hal_cortex.c                   0x00000000   Number         0  stm32h7xx_hal_cortex.o ABSOLUTE
    stm32h7xx_hal_dma.c                      0x00000000   Number         0  stm32h7xx_hal_dma.o ABSOLUTE
    stm32h7xx_hal_dma_ex.c                   0x00000000   Number         0  stm32h7xx_hal_dma_ex.o ABSOLUTE
    stm32h7xx_hal_exti.c                     0x00000000   Number         0  stm32h7xx_hal_exti.o ABSOLUTE
    stm32h7xx_hal_flash.c                    0x00000000   Number         0  stm32h7xx_hal_flash.o ABSOLUTE
    stm32h7xx_hal_flash_ex.c                 0x00000000   Number         0  stm32h7xx_hal_flash_ex.o ABSOLUTE
    stm32h7xx_hal_gpio.c                     0x00000000   Number         0  stm32h7xx_hal_gpio.o ABSOLUTE
    stm32h7xx_hal_hsem.c                     0x00000000   Number         0  stm32h7xx_hal_hsem.o ABSOLUTE
    stm32h7xx_hal_i2c.c                      0x00000000   Number         0  stm32h7xx_hal_i2c.o ABSOLUTE
    stm32h7xx_hal_i2c_ex.c                   0x00000000   Number         0  stm32h7xx_hal_i2c_ex.o ABSOLUTE
    stm32h7xx_hal_mdma.c                     0x00000000   Number         0  stm32h7xx_hal_mdma.o ABSOLUTE
    stm32h7xx_hal_msp.c                      0x00000000   Number         0  stm32h7xx_hal_msp.o ABSOLUTE
    stm32h7xx_hal_pwr.c                      0x00000000   Number         0  stm32h7xx_hal_pwr.o ABSOLUTE
    stm32h7xx_hal_pwr_ex.c                   0x00000000   Number         0  stm32h7xx_hal_pwr_ex.o ABSOLUTE
    stm32h7xx_hal_rcc.c                      0x00000000   Number         0  stm32h7xx_hal_rcc.o ABSOLUTE
    stm32h7xx_hal_rcc_ex.c                   0x00000000   Number         0  stm32h7xx_hal_rcc_ex.o ABSOLUTE
    stm32h7xx_hal_tim.c                      0x00000000   Number         0  stm32h7xx_hal_tim.o ABSOLUTE
    stm32h7xx_hal_tim_ex.c                   0x00000000   Number         0  stm32h7xx_hal_tim_ex.o ABSOLUTE
    stm32h7xx_it.c                           0x00000000   Number         0  stm32h7xx_it.o ABSOLUTE
    system_stm32h7xx.c                       0x00000000   Number         0  system_stm32h7xx.o ABSOLUTE
    RESET                                    0x08000000   Section      664  startup_stm32h750xx.o(RESET)
    .ARM.Collect$$$$00000000                 0x08000298   Section        0  entry.o(.ARM.Collect$$$$00000000)
    .ARM.Collect$$$$00000001                 0x08000298   Section        4  entry2.o(.ARM.Collect$$$$00000001)
    .ARM.Collect$$$$00000004                 0x0800029c   Section        4  entry5.o(.ARM.Collect$$$$00000004)
    .ARM.Collect$$$$00000008                 0x080002a0   Section        0  entry7b.o(.ARM.Collect$$$$00000008)
    .ARM.Collect$$$$0000000A                 0x080002a0   Section        0  entry8b.o(.ARM.Collect$$$$0000000A)
    .ARM.Collect$$$$0000000B                 0x080002a0   Section        8  entry9a.o(.ARM.Collect$$$$0000000B)
    .ARM.Collect$$$$0000000D                 0x080002a8   Section        0  entry10a.o(.ARM.Collect$$$$0000000D)
    .ARM.Collect$$$$0000000F                 0x080002a8   Section        0  entry11a.o(.ARM.Collect$$$$0000000F)
    .ARM.Collect$$$$00002712                 0x080002a8   Section        4  entry2.o(.ARM.Collect$$$$00002712)
    __lit__00000000                          0x080002a8   Data           4  entry2.o(.ARM.Collect$$$$00002712)
    .text                                    0x080002ac   Section       36  startup_stm32h750xx.o(.text)
    $v0                                      0x080002ac   Number         0  startup_stm32h750xx.o(.text)
    .text                                    0x080002d0   Section        0  memseta.o(.text)
    .text                                    0x080002f4   Section       36  init.o(.text)
    [Anonymous Symbol]                       0x08000318   Section        0  stm32h7xx_it.o(.text.BusFault_Handler)
    [Anonymous Symbol]                       0x08000320   Section        0  stm32h7xx_it.o(.text.DebugMon_Handler)
    [Anonymous Symbol]                       0x08000328   Section        0  stm32h7xx_it.o(.text.EXTI2_IRQHandler)
    [Anonymous Symbol]                       0x08000350   Section        0  main.o(.text.Error_Handler)
    [Anonymous Symbol]                       0x08000360   Section        0  stm32h7xx_hal_gpio.o(.text.HAL_GPIO_EXTI_Callback)
    [Anonymous Symbol]                       0x08000370   Section        0  stm32h7xx_hal_gpio.o(.text.HAL_GPIO_EXTI_IRQHandler)
    [Anonymous Symbol]                       0x080003a8   Section        0  stm32h7xx_hal_gpio.o(.text.HAL_GPIO_Init)
    [Anonymous Symbol]                       0x08000788   Section        0  stm32h7xx_hal_gpio.o(.text.HAL_GPIO_ReadPin)
    [Anonymous Symbol]                       0x080007c0   Section        0  stm32h7xx_hal_gpio.o(.text.HAL_GPIO_WritePin)
    [Anonymous Symbol]                       0x08000808   Section        0  stm32h7xx_hal.o(.text.HAL_GetREVID)
    [Anonymous Symbol]                       0x08000818   Section        0  stm32h7xx_hal.o(.text.HAL_GetTick)
    [Anonymous Symbol]                       0x08000828   Section        0  stm32h7xx_hal.o(.text.HAL_IncTick)
    [Anonymous Symbol]                       0x08000848   Section        0  stm32h7xx_hal.o(.text.HAL_Init)
    [Anonymous Symbol]                       0x080008d0   Section        0  stm32h7xx_hal.o(.text.HAL_InitTick)
    [Anonymous Symbol]                       0x08000960   Section        0  stm32h7xx_hal_cortex.o(.text.HAL_MPU_ConfigRegion)
    [Anonymous Symbol]                       0x080009d8   Section        0  stm32h7xx_hal_cortex.o(.text.HAL_MPU_Disable)
    [Anonymous Symbol]                       0x08000a00   Section        0  stm32h7xx_hal_cortex.o(.text.HAL_MPU_Enable)
    [Anonymous Symbol]                       0x08000a38   Section        0  stm32h7xx_hal_msp.o(.text.HAL_MspInit)
    [Anonymous Symbol]                       0x08000a60   Section        0  stm32h7xx_hal_cortex.o(.text.HAL_NVIC_EnableIRQ)
    [Anonymous Symbol]                       0x08000a78   Section        0  stm32h7xx_hal_cortex.o(.text.HAL_NVIC_SetPriority)
    [Anonymous Symbol]                       0x08000ac0   Section        0  stm32h7xx_hal_cortex.o(.text.HAL_NVIC_SetPriorityGrouping)
    [Anonymous Symbol]                       0x08000ad8   Section        0  stm32h7xx_hal_pwr_ex.o(.text.HAL_PWREx_ConfigSupply)
    [Anonymous Symbol]                       0x08000b88   Section        0  stm32h7xx_hal_rcc.o(.text.HAL_RCC_ClockConfig)
    [Anonymous Symbol]                       0x08001038   Section        0  stm32h7xx_hal_rcc.o(.text.HAL_RCC_GetSysClockFreq)
    [Anonymous Symbol]                       0x08001358   Section        0  stm32h7xx_hal_rcc.o(.text.HAL_RCC_OscConfig)
    [Anonymous Symbol]                       0x08001f10   Section        0  stm32h7xx_hal_cortex.o(.text.HAL_SYSTICK_Config)
    [Anonymous Symbol]                       0x08001f28   Section        0  stm32h7xx_it.o(.text.HardFault_Handler)
    [Anonymous Symbol]                       0x08001f30   Section        0  main.o(.text.MPU_Config)
    MPU_Config                               0x08001f31   Thumb Code    90  main.o(.text.MPU_Config)
    [Anonymous Symbol]                       0x08001f90   Section        0  gpio.o(.text.MX_GPIO_Init)
    [Anonymous Symbol]                       0x08002068   Section        0  stm32h7xx_it.o(.text.MemManage_Handler)
    [Anonymous Symbol]                       0x08002070   Section        0  stm32h7xx_it.o(.text.NMI_Handler)
    [Anonymous Symbol]                       0x08002078   Section        0  stm32h7xx_hal_cortex.o(.text.NVIC_EncodePriority)
    NVIC_EncodePriority                      0x08002079   Thumb Code   128  stm32h7xx_hal_cortex.o(.text.NVIC_EncodePriority)
    [Anonymous Symbol]                       0x080020f8   Section        0  stm32h7xx_it.o(.text.PendSV_Handler)
    [Anonymous Symbol]                       0x08002100   Section        0  stm32h7xx_it.o(.text.SVC_Handler)
    [Anonymous Symbol]                       0x08002108   Section        0  stm32h7xx_hal_cortex.o(.text.SysTick_Config)
    SysTick_Config                           0x08002109   Thumb Code    90  stm32h7xx_hal_cortex.o(.text.SysTick_Config)
    [Anonymous Symbol]                       0x08002168   Section        0  stm32h7xx_it.o(.text.SysTick_Handler)
    [Anonymous Symbol]                       0x08002170   Section        0  main.o(.text.SystemClock_Config)
    [Anonymous Symbol]                       0x080022d8   Section        0  system_stm32h7xx.o(.text.SystemInit)
    [Anonymous Symbol]                       0x08002438   Section        0  stm32h7xx_it.o(.text.UsageFault_Handler)
    [Anonymous Symbol]                       0x08002440   Section        0  stm32h7xx_hal_cortex.o(.text.__NVIC_EnableIRQ)
    __NVIC_EnableIRQ                         0x08002441   Thumb Code    54  stm32h7xx_hal_cortex.o(.text.__NVIC_EnableIRQ)
    [Anonymous Symbol]                       0x08002478   Section        0  stm32h7xx_hal_cortex.o(.text.__NVIC_GetPriorityGrouping)
    __NVIC_GetPriorityGrouping               0x08002479   Thumb Code    16  stm32h7xx_hal_cortex.o(.text.__NVIC_GetPriorityGrouping)
    [Anonymous Symbol]                       0x08002488   Section        0  stm32h7xx_hal_cortex.o(.text.__NVIC_SetPriority)
    __NVIC_SetPriority                       0x08002489   Thumb Code    74  stm32h7xx_hal_cortex.o(.text.__NVIC_SetPriority)
    [Anonymous Symbol]                       0x080024d8   Section        0  stm32h7xx_hal_cortex.o(.text.__NVIC_SetPriorityGrouping)
    __NVIC_SetPriorityGrouping               0x080024d9   Thumb Code    64  stm32h7xx_hal_cortex.o(.text.__NVIC_SetPriorityGrouping)
    [Anonymous Symbol]                       0x08002518   Section        0  main.o(.text.main)
    i.__scatterload_copy                     0x0800255e   Section       14  handlers.o(i.__scatterload_copy)
    i.__scatterload_null                     0x0800256c   Section        2  handlers.o(i.__scatterload_null)
    i.__scatterload_zeroinit                 0x0800256e   Section       14  handlers.o(i.__scatterload_zeroinit)
    STACK                                    0x24000018   Section     1024  startup_stm32h750xx.o(STACK)

    Global Symbols

    Symbol Name                              Value     Ov Type        Size  Object(Section)

    BuildAttributes$$THM_ISAv4$E$P$D$K$B$S$7EM$VFPi5$EXTD16$VFPS$VFMA$PE$PLD8$A:L22UL41UL21$X:L11$S22US41US21$IEEE1$IW$~IW$USESV6$~STKCKD$USESV7$~SHL$OSPACE$EBA8$MICROLIB$REQ8$PRES8$EABIv2 0x00000000   Number         0  anon$$obj.o ABSOLUTE
    __cpp_initialize__aeabi_                  - Undefined Weak Reference
    __cxa_finalize                            - Undefined Weak Reference
    __decompress                              - Undefined Weak Reference
    _clock_init                               - Undefined Weak Reference
    _microlib_exit                            - Undefined Weak Reference
    __Vectors_Size                           0x00000298   Number         0  startup_stm32h750xx.o ABSOLUTE
    __Vectors                                0x08000000   Data           4  startup_stm32h750xx.o(RESET)
    __Vectors_End                            0x08000298   Data           0  startup_stm32h750xx.o(RESET)
    __main                                   0x08000299   Thumb Code     0  entry.o(.ARM.Collect$$$$00000000)
    _main_stk                                0x08000299   Thumb Code     0  entry2.o(.ARM.Collect$$$$00000001)
    _main_scatterload                        0x0800029d   Thumb Code     0  entry5.o(.ARM.Collect$$$$00000004)
    __main_after_scatterload                 0x080002a1   Thumb Code     0  entry5.o(.ARM.Collect$$$$00000004)
    _main_clock                              0x080002a1   Thumb Code     0  entry7b.o(.ARM.Collect$$$$00000008)
    _main_cpp_init                           0x080002a1   Thumb Code     0  entry8b.o(.ARM.Collect$$$$0000000A)
    _main_init                               0x080002a1   Thumb Code     0  entry9a.o(.ARM.Collect$$$$0000000B)
    __rt_final_cpp                           0x080002a9   Thumb Code     0  entry10a.o(.ARM.Collect$$$$0000000D)
    __rt_final_exit                          0x080002a9   Thumb Code     0  entry11a.o(.ARM.Collect$$$$0000000F)
    Reset_Handler                            0x080002ad   Thumb Code     8  startup_stm32h750xx.o(.text)
    ADC3_IRQHandler                          0x080002c7   Thumb Code     0  startup_stm32h750xx.o(.text)
    ADC_IRQHandler                           0x080002c7   Thumb Code     0  startup_stm32h750xx.o(.text)
    BDMA_Channel0_IRQHandler                 0x080002c7   Thumb Code     0  startup_stm32h750xx.o(.text)
    BDMA_Channel1_IRQHandler                 0x080002c7   Thumb Code     0  startup_stm32h750xx.o(.text)
    BDMA_Channel2_IRQHandler                 0x080002c7   Thumb Code     0  startup_stm32h750xx.o(.text)
    BDMA_Channel3_IRQHandler                 0x080002c7   Thumb Code     0  startup_stm32h750xx.o(.text)
    BDMA_Channel4_IRQHandler                 0x080002c7   Thumb Code     0  startup_stm32h750xx.o(.text)
    BDMA_Channel5_IRQHandler                 0x080002c7   Thumb Code     0  startup_stm32h750xx.o(.text)
    BDMA_Channel6_IRQHandler                 0x080002c7   Thumb Code     0  startup_stm32h750xx.o(.text)
    BDMA_Channel7_IRQHandler                 0x080002c7   Thumb Code     0  startup_stm32h750xx.o(.text)
    CEC_IRQHandler                           0x080002c7   Thumb Code     0  startup_stm32h750xx.o(.text)
    COMP1_IRQHandler                         0x080002c7   Thumb Code     0  startup_stm32h750xx.o(.text)
    CRS_IRQHandler                           0x080002c7   Thumb Code     0  startup_stm32h750xx.o(.text)
    CRYP_IRQHandler                          0x080002c7   Thumb Code     0  startup_stm32h750xx.o(.text)
    DCMI_IRQHandler                          0x080002c7   Thumb Code     0  startup_stm32h750xx.o(.text)
    DFSDM1_FLT0_IRQHandler                   0x080002c7   Thumb Code     0  startup_stm32h750xx.o(.text)
    DFSDM1_FLT1_IRQHandler                   0x080002c7   Thumb Code     0  startup_stm32h750xx.o(.text)
    DFSDM1_FLT2_IRQHandler                   0x080002c7   Thumb Code     0  startup_stm32h750xx.o(.text)
    DFSDM1_FLT3_IRQHandler                   0x080002c7   Thumb Code     0  startup_stm32h750xx.o(.text)
    DMA1_Stream0_IRQHandler                  0x080002c7   Thumb Code     0  startup_stm32h750xx.o(.text)
    DMA1_Stream1_IRQHandler                  0x080002c7   Thumb Code     0  startup_stm32h750xx.o(.text)
    DMA1_Stream2_IRQHandler                  0x080002c7   Thumb Code     0  startup_stm32h750xx.o(.text)
    DMA1_Stream3_IRQHandler                  0x080002c7   Thumb Code     0  startup_stm32h750xx.o(.text)
    DMA1_Stream4_IRQHandler                  0x080002c7   Thumb Code     0  startup_stm32h750xx.o(.text)
    DMA1_Stream5_IRQHandler                  0x080002c7   Thumb Code     0  startup_stm32h750xx.o(.text)
    DMA1_Stream6_IRQHandler                  0x080002c7   Thumb Code     0  startup_stm32h750xx.o(.text)
    DMA1_Stream7_IRQHandler                  0x080002c7   Thumb Code     0  startup_stm32h750xx.o(.text)
    DMA2D_IRQHandler                         0x080002c7   Thumb Code     0  startup_stm32h750xx.o(.text)
    DMA2_Stream0_IRQHandler                  0x080002c7   Thumb Code     0  startup_stm32h750xx.o(.text)
    DMA2_Stream1_IRQHandler                  0x080002c7   Thumb Code     0  startup_stm32h750xx.o(.text)
    DMA2_Stream2_IRQHandler                  0x080002c7   Thumb Code     0  startup_stm32h750xx.o(.text)
    DMA2_Stream3_IRQHandler                  0x080002c7   Thumb Code     0  startup_stm32h750xx.o(.text)
    DMA2_Stream4_IRQHandler                  0x080002c7   Thumb Code     0  startup_stm32h750xx.o(.text)
    DMA2_Stream5_IRQHandler                  0x080002c7   Thumb Code     0  startup_stm32h750xx.o(.text)
    DMA2_Stream6_IRQHandler                  0x080002c7   Thumb Code     0  startup_stm32h750xx.o(.text)
    DMA2_Stream7_IRQHandler                  0x080002c7   Thumb Code     0  startup_stm32h750xx.o(.text)
    DMAMUX1_OVR_IRQHandler                   0x080002c7   Thumb Code     0  startup_stm32h750xx.o(.text)
    DMAMUX2_OVR_IRQHandler                   0x080002c7   Thumb Code     0  startup_stm32h750xx.o(.text)
    ECC_IRQHandler                           0x080002c7   Thumb Code     0  startup_stm32h750xx.o(.text)
    ETH_IRQHandler                           0x080002c7   Thumb Code     0  startup_stm32h750xx.o(.text)
    ETH_WKUP_IRQHandler                      0x080002c7   Thumb Code     0  startup_stm32h750xx.o(.text)
    EXTI0_IRQHandler                         0x080002c7   Thumb Code     0  startup_stm32h750xx.o(.text)
    EXTI15_10_IRQHandler                     0x080002c7   Thumb Code     0  startup_stm32h750xx.o(.text)
    EXTI1_IRQHandler                         0x080002c7   Thumb Code     0  startup_stm32h750xx.o(.text)
    EXTI3_IRQHandler                         0x080002c7   Thumb Code     0  startup_stm32h750xx.o(.text)
    EXTI4_IRQHandler                         0x080002c7   Thumb Code     0  startup_stm32h750xx.o(.text)
    EXTI9_5_IRQHandler                       0x080002c7   Thumb Code     0  startup_stm32h750xx.o(.text)
    FDCAN1_IT0_IRQHandler                    0x080002c7   Thumb Code     0  startup_stm32h750xx.o(.text)
    FDCAN1_IT1_IRQHandler                    0x080002c7   Thumb Code     0  startup_stm32h750xx.o(.text)
    FDCAN2_IT0_IRQHandler                    0x080002c7   Thumb Code     0  startup_stm32h750xx.o(.text)
    FDCAN2_IT1_IRQHandler                    0x080002c7   Thumb Code     0  startup_stm32h750xx.o(.text)
    FDCAN_CAL_IRQHandler                     0x080002c7   Thumb Code     0  startup_stm32h750xx.o(.text)
    FLASH_IRQHandler                         0x080002c7   Thumb Code     0  startup_stm32h750xx.o(.text)
    FMC_IRQHandler                           0x080002c7   Thumb Code     0  startup_stm32h750xx.o(.text)
    FPU_IRQHandler                           0x080002c7   Thumb Code     0  startup_stm32h750xx.o(.text)
    HASH_RNG_IRQHandler                      0x080002c7   Thumb Code     0  startup_stm32h750xx.o(.text)
    HRTIM1_FLT_IRQHandler                    0x080002c7   Thumb Code     0  startup_stm32h750xx.o(.text)
    HRTIM1_Master_IRQHandler                 0x080002c7   Thumb Code     0  startup_stm32h750xx.o(.text)
    HRTIM1_TIMA_IRQHandler                   0x080002c7   Thumb Code     0  startup_stm32h750xx.o(.text)
    HRTIM1_TIMB_IRQHandler                   0x080002c7   Thumb Code     0  startup_stm32h750xx.o(.text)
    HRTIM1_TIMC_IRQHandler                   0x080002c7   Thumb Code     0  startup_stm32h750xx.o(.text)
    HRTIM1_TIMD_IRQHandler                   0x080002c7   Thumb Code     0  startup_stm32h750xx.o(.text)
    HRTIM1_TIME_IRQHandler                   0x080002c7   Thumb Code     0  startup_stm32h750xx.o(.text)
    HSEM1_IRQHandler                         0x080002c7   Thumb Code     0  startup_stm32h750xx.o(.text)
    I2C1_ER_IRQHandler                       0x080002c7   Thumb Code     0  startup_stm32h750xx.o(.text)
    I2C1_EV_IRQHandler                       0x080002c7   Thumb Code     0  startup_stm32h750xx.o(.text)
    I2C2_ER_IRQHandler                       0x080002c7   Thumb Code     0  startup_stm32h750xx.o(.text)
    I2C2_EV_IRQHandler                       0x080002c7   Thumb Code     0  startup_stm32h750xx.o(.text)
    I2C3_ER_IRQHandler                       0x080002c7   Thumb Code     0  startup_stm32h750xx.o(.text)
    I2C3_EV_IRQHandler                       0x080002c7   Thumb Code     0  startup_stm32h750xx.o(.text)
    I2C4_ER_IRQHandler                       0x080002c7   Thumb Code     0  startup_stm32h750xx.o(.text)
    I2C4_EV_IRQHandler                       0x080002c7   Thumb Code     0  startup_stm32h750xx.o(.text)
    JPEG_IRQHandler                          0x080002c7   Thumb Code     0  startup_stm32h750xx.o(.text)
    LPTIM1_IRQHandler                        0x080002c7   Thumb Code     0  startup_stm32h750xx.o(.text)
    LPTIM2_IRQHandler                        0x080002c7   Thumb Code     0  startup_stm32h750xx.o(.text)
    LPTIM3_IRQHandler                        0x080002c7   Thumb Code     0  startup_stm32h750xx.o(.text)
    LPTIM4_IRQHandler                        0x080002c7   Thumb Code     0  startup_stm32h750xx.o(.text)
    LPTIM5_IRQHandler                        0x080002c7   Thumb Code     0  startup_stm32h750xx.o(.text)
    LPUART1_IRQHandler                       0x080002c7   Thumb Code     0  startup_stm32h750xx.o(.text)
    LTDC_ER_IRQHandler                       0x080002c7   Thumb Code     0  startup_stm32h750xx.o(.text)
    LTDC_IRQHandler                          0x080002c7   Thumb Code     0  startup_stm32h750xx.o(.text)
    MDIOS_IRQHandler                         0x080002c7   Thumb Code     0  startup_stm32h750xx.o(.text)
    MDIOS_WKUP_IRQHandler                    0x080002c7   Thumb Code     0  startup_stm32h750xx.o(.text)
    MDMA_IRQHandler                          0x080002c7   Thumb Code     0  startup_stm32h750xx.o(.text)
    OTG_FS_EP1_IN_IRQHandler                 0x080002c7   Thumb Code     0  startup_stm32h750xx.o(.text)
    OTG_FS_EP1_OUT_IRQHandler                0x080002c7   Thumb Code     0  startup_stm32h750xx.o(.text)
    OTG_FS_IRQHandler                        0x080002c7   Thumb Code     0  startup_stm32h750xx.o(.text)
    OTG_FS_WKUP_IRQHandler                   0x080002c7   Thumb Code     0  startup_stm32h750xx.o(.text)
    OTG_HS_EP1_IN_IRQHandler                 0x080002c7   Thumb Code     0  startup_stm32h750xx.o(.text)
    OTG_HS_EP1_OUT_IRQHandler                0x080002c7   Thumb Code     0  startup_stm32h750xx.o(.text)
    OTG_HS_IRQHandler                        0x080002c7   Thumb Code     0  startup_stm32h750xx.o(.text)
    OTG_HS_WKUP_IRQHandler                   0x080002c7   Thumb Code     0  startup_stm32h750xx.o(.text)
    PVD_AVD_IRQHandler                       0x080002c7   Thumb Code     0  startup_stm32h750xx.o(.text)
    QUADSPI_IRQHandler                       0x080002c7   Thumb Code     0  startup_stm32h750xx.o(.text)
    RCC_IRQHandler                           0x080002c7   Thumb Code     0  startup_stm32h750xx.o(.text)
    RTC_Alarm_IRQHandler                     0x080002c7   Thumb Code     0  startup_stm32h750xx.o(.text)
    RTC_WKUP_IRQHandler                      0x080002c7   Thumb Code     0  startup_stm32h750xx.o(.text)
    SAI1_IRQHandler                          0x080002c7   Thumb Code     0  startup_stm32h750xx.o(.text)
    SAI2_IRQHandler                          0x080002c7   Thumb Code     0  startup_stm32h750xx.o(.text)
    SAI3_IRQHandler                          0x080002c7   Thumb Code     0  startup_stm32h750xx.o(.text)
    SAI4_IRQHandler                          0x080002c7   Thumb Code     0  startup_stm32h750xx.o(.text)
    SDMMC1_IRQHandler                        0x080002c7   Thumb Code     0  startup_stm32h750xx.o(.text)
    SDMMC2_IRQHandler                        0x080002c7   Thumb Code     0  startup_stm32h750xx.o(.text)
    SPDIF_RX_IRQHandler                      0x080002c7   Thumb Code     0  startup_stm32h750xx.o(.text)
    SPI1_IRQHandler                          0x080002c7   Thumb Code     0  startup_stm32h750xx.o(.text)
    SPI2_IRQHandler                          0x080002c7   Thumb Code     0  startup_stm32h750xx.o(.text)
    SPI3_IRQHandler                          0x080002c7   Thumb Code     0  startup_stm32h750xx.o(.text)
    SPI4_IRQHandler                          0x080002c7   Thumb Code     0  startup_stm32h750xx.o(.text)
    SPI5_IRQHandler                          0x080002c7   Thumb Code     0  startup_stm32h750xx.o(.text)
    SPI6_IRQHandler                          0x080002c7   Thumb Code     0  startup_stm32h750xx.o(.text)
    SWPMI1_IRQHandler                        0x080002c7   Thumb Code     0  startup_stm32h750xx.o(.text)
    TAMP_STAMP_IRQHandler                    0x080002c7   Thumb Code     0  startup_stm32h750xx.o(.text)
    TIM15_IRQHandler                         0x080002c7   Thumb Code     0  startup_stm32h750xx.o(.text)
    TIM16_IRQHandler                         0x080002c7   Thumb Code     0  startup_stm32h750xx.o(.text)
    TIM17_IRQHandler                         0x080002c7   Thumb Code     0  startup_stm32h750xx.o(.text)
    TIM1_BRK_IRQHandler                      0x080002c7   Thumb Code     0  startup_stm32h750xx.o(.text)
    TIM1_CC_IRQHandler                       0x080002c7   Thumb Code     0  startup_stm32h750xx.o(.text)
    TIM1_TRG_COM_IRQHandler                  0x080002c7   Thumb Code     0  startup_stm32h750xx.o(.text)
    TIM1_UP_IRQHandler                       0x080002c7   Thumb Code     0  startup_stm32h750xx.o(.text)
    TIM2_IRQHandler                          0x080002c7   Thumb Code     0  startup_stm32h750xx.o(.text)
    TIM3_IRQHandler                          0x080002c7   Thumb Code     0  startup_stm32h750xx.o(.text)
    TIM4_IRQHandler                          0x080002c7   Thumb Code     0  startup_stm32h750xx.o(.text)
    TIM5_IRQHandler                          0x080002c7   Thumb Code     0  startup_stm32h750xx.o(.text)
    TIM6_DAC_IRQHandler                      0x080002c7   Thumb Code     0  startup_stm32h750xx.o(.text)
    TIM7_IRQHandler                          0x080002c7   Thumb Code     0  startup_stm32h750xx.o(.text)
    TIM8_BRK_TIM12_IRQHandler                0x080002c7   Thumb Code     0  startup_stm32h750xx.o(.text)
    TIM8_CC_IRQHandler                       0x080002c7   Thumb Code     0  startup_stm32h750xx.o(.text)
    TIM8_TRG_COM_TIM14_IRQHandler            0x080002c7   Thumb Code     0  startup_stm32h750xx.o(.text)
    TIM8_UP_TIM13_IRQHandler                 0x080002c7   Thumb Code     0  startup_stm32h750xx.o(.text)
    UART4_IRQHandler                         0x080002c7   Thumb Code     0  startup_stm32h750xx.o(.text)
    UART5_IRQHandler                         0x080002c7   Thumb Code     0  startup_stm32h750xx.o(.text)
    UART7_IRQHandler                         0x080002c7   Thumb Code     0  startup_stm32h750xx.o(.text)
    UART8_IRQHandler                         0x080002c7   Thumb Code     0  startup_stm32h750xx.o(.text)
    USART1_IRQHandler                        0x080002c7   Thumb Code     0  startup_stm32h750xx.o(.text)
    USART2_IRQHandler                        0x080002c7   Thumb Code     0  startup_stm32h750xx.o(.text)
    USART3_IRQHandler                        0x080002c7   Thumb Code     0  startup_stm32h750xx.o(.text)
    USART6_IRQHandler                        0x080002c7   Thumb Code     0  startup_stm32h750xx.o(.text)
    WAKEUP_PIN_IRQHandler                    0x080002c7   Thumb Code     0  startup_stm32h750xx.o(.text)
    WWDG_IRQHandler                          0x080002c7   Thumb Code     0  startup_stm32h750xx.o(.text)
    __aeabi_memset                           0x080002d1   Thumb Code    14  memseta.o(.text)
    __aeabi_memset4                          0x080002d1   Thumb Code     0  memseta.o(.text)
    __aeabi_memset8                          0x080002d1   Thumb Code     0  memseta.o(.text)
    __aeabi_memclr                           0x080002df   Thumb Code     4  memseta.o(.text)
    __aeabi_memclr4                          0x080002df   Thumb Code     0  memseta.o(.text)
    __aeabi_memclr8                          0x080002df   Thumb Code     0  memseta.o(.text)
    _memset$wrapper                          0x080002e3   Thumb Code    18  memseta.o(.text)
    __scatterload                            0x080002f5   Thumb Code    28  init.o(.text)
    __scatterload_rt2                        0x080002f5   Thumb Code     0  init.o(.text)
    BusFault_Handler                         0x08000319   Thumb Code     4  stm32h7xx_it.o(.text.BusFault_Handler)
    DebugMon_Handler                         0x08000321   Thumb Code     2  stm32h7xx_it.o(.text.DebugMon_Handler)
    EXTI2_IRQHandler                         0x08000329   Thumb Code    38  stm32h7xx_it.o(.text.EXTI2_IRQHandler)
    Error_Handler                            0x08000351   Thumb Code    14  main.o(.text.Error_Handler)
    HAL_GPIO_EXTI_Callback                   0x08000361   Thumb Code    14  stm32h7xx_hal_gpio.o(.text.HAL_GPIO_EXTI_Callback)
    HAL_GPIO_EXTI_IRQHandler                 0x08000371   Thumb Code    56  stm32h7xx_hal_gpio.o(.text.HAL_GPIO_EXTI_IRQHandler)
    HAL_GPIO_Init                            0x080003a9   Thumb Code   990  stm32h7xx_hal_gpio.o(.text.HAL_GPIO_Init)
    HAL_GPIO_ReadPin                         0x08000789   Thumb Code    54  stm32h7xx_hal_gpio.o(.text.HAL_GPIO_ReadPin)
    HAL_GPIO_WritePin                        0x080007c1   Thumb Code    66  stm32h7xx_hal_gpio.o(.text.HAL_GPIO_WritePin)
    HAL_GetREVID                             0x08000809   Thumb Code    14  stm32h7xx_hal.o(.text.HAL_GetREVID)
    HAL_GetTick                              0x08000819   Thumb Code    12  stm32h7xx_hal.o(.text.HAL_GetTick)
    HAL_IncTick                              0x08000829   Thumb Code    26  stm32h7xx_hal.o(.text.HAL_IncTick)
    HAL_Init                                 0x08000849   Thumb Code   130  stm32h7xx_hal.o(.text.HAL_Init)
    HAL_InitTick                             0x080008d1   Thumb Code   142  stm32h7xx_hal.o(.text.HAL_InitTick)
    HAL_MPU_ConfigRegion                     0x08000961   Thumb Code   120  stm32h7xx_hal_cortex.o(.text.HAL_MPU_ConfigRegion)
    HAL_MPU_Disable                          0x080009d9   Thumb Code    34  stm32h7xx_hal_cortex.o(.text.HAL_MPU_Disable)
    HAL_MPU_Enable                           0x08000a01   Thumb Code    52  stm32h7xx_hal_cortex.o(.text.HAL_MPU_Enable)
    HAL_MspInit                              0x08000a39   Thumb Code    38  stm32h7xx_hal_msp.o(.text.HAL_MspInit)
    HAL_NVIC_EnableIRQ                       0x08000a61   Thumb Code    24  stm32h7xx_hal_cortex.o(.text.HAL_NVIC_EnableIRQ)
    HAL_NVIC_SetPriority                     0x08000a79   Thumb Code    66  stm32h7xx_hal_cortex.o(.text.HAL_NVIC_SetPriority)
    HAL_NVIC_SetPriorityGrouping             0x08000ac1   Thumb Code    20  stm32h7xx_hal_cortex.o(.text.HAL_NVIC_SetPriorityGrouping)
    HAL_PWREx_ConfigSupply                   0x08000ad9   Thumb Code   170  stm32h7xx_hal_pwr_ex.o(.text.HAL_PWREx_ConfigSupply)
    HAL_RCC_ClockConfig                      0x08000b89   Thumb Code  1194  stm32h7xx_hal_rcc.o(.text.HAL_RCC_ClockConfig)
    HAL_RCC_GetSysClockFreq                  0x08001039   Thumb Code   800  stm32h7xx_hal_rcc.o(.text.HAL_RCC_GetSysClockFreq)
    HAL_RCC_OscConfig                        0x08001359   Thumb Code  2998  stm32h7xx_hal_rcc.o(.text.HAL_RCC_OscConfig)
    HAL_SYSTICK_Config                       0x08001f11   Thumb Code    20  stm32h7xx_hal_cortex.o(.text.HAL_SYSTICK_Config)
    HardFault_Handler                        0x08001f29   Thumb Code     4  stm32h7xx_it.o(.text.HardFault_Handler)
    MX_GPIO_Init                             0x08001f91   Thumb Code   210  gpio.o(.text.MX_GPIO_Init)
    MemManage_Handler                        0x08002069   Thumb Code     4  stm32h7xx_it.o(.text.MemManage_Handler)
    NMI_Handler                              0x08002071   Thumb Code     4  stm32h7xx_it.o(.text.NMI_Handler)
    PendSV_Handler                           0x080020f9   Thumb Code     2  stm32h7xx_it.o(.text.PendSV_Handler)
    SVC_Handler                              0x08002101   Thumb Code     2  stm32h7xx_it.o(.text.SVC_Handler)
    SysTick_Handler                          0x08002169   Thumb Code     8  stm32h7xx_it.o(.text.SysTick_Handler)
    SystemClock_Config                       0x08002171   Thumb Code   354  main.o(.text.SystemClock_Config)
    SystemInit                               0x080022d9   Thumb Code   346  system_stm32h7xx.o(.text.SystemInit)
    UsageFault_Handler                       0x08002439   Thumb Code     4  stm32h7xx_it.o(.text.UsageFault_Handler)
    main                                     0x08002519   Thumb Code    70  main.o(.text.main)
    __scatterload_copy                       0x0800255f   Thumb Code    14  handlers.o(i.__scatterload_copy)
    __scatterload_null                       0x0800256d   Thumb Code     2  handlers.o(i.__scatterload_null)
    __scatterload_zeroinit                   0x0800256f   Thumb Code    14  handlers.o(i.__scatterload_zeroinit)
    D1CorePrescTable                         0x0800257c   Data          16  system_stm32h7xx.o(.rodata.D1CorePrescTable)
    Region$$Table$$Base                      0x0800258c   Number         0  anon$$obj.o(Region$$Table)
    Region$$Table$$Limit                     0x080025ac   Number         0  anon$$obj.o(Region$$Table)
    SystemCoreClock                          0x24000000   Data           4  system_stm32h7xx.o(.data.SystemCoreClock)
    SystemD2Clock                            0x24000004   Data           4  system_stm32h7xx.o(.data.SystemD2Clock)
    key_status                               0x24000008   Data           1  stm32h7xx_it.o(.data.key_status)
    uwTickFreq                               0x24000009   Data           1  stm32h7xx_hal.o(.data.uwTickFreq)
    uwTickPrio                               0x2400000c   Data           4  stm32h7xx_hal.o(.data.uwTickPrio)
    uwTick                                   0x24000010   Data           4  stm32h7xx_hal.o(.bss.uwTick)
    __initial_sp                             0x24000418   Data           0  startup_stm32h750xx.o(STACK)



==============================================================================

Memory Map of the image

  Image Entry point : 0x08000299

  Load Region LR_IROM1 (Base: 0x08000000, Size: 0x000025c0, Max: 0x00020000, ABSOLUTE)

    Execution Region ER_IROM1 (Exec base: 0x08000000, Load base: 0x08000000, Size: 0x000025ac, Max: 0x00020000, ABSOLUTE)

    Exec Addr    Load Addr    Size         Type   Attr      Idx    E Section Name        Object

    0x08000000   0x08000000   0x00000298   Data   RO            3    RESET               startup_stm32h750xx.o
    0x08000298   0x08000298   0x00000000   Code   RO         1036  * .ARM.Collect$$$$00000000  mc_w.l(entry.o)
    0x08000298   0x08000298   0x00000004   Code   RO         1041    .ARM.Collect$$$$00000001  mc_w.l(entry2.o)
    0x0800029c   0x0800029c   0x00000004   Code   RO         1044    .ARM.Collect$$$$00000004  mc_w.l(entry5.o)
    0x080002a0   0x080002a0   0x00000000   Code   RO         1046    .ARM.Collect$$$$00000008  mc_w.l(entry7b.o)
    0x080002a0   0x080002a0   0x00000000   Code   RO         1048    .ARM.Collect$$$$0000000A  mc_w.l(entry8b.o)
    0x080002a0   0x080002a0   0x00000008   Code   RO         1049    .ARM.Collect$$$$0000000B  mc_w.l(entry9a.o)
    0x080002a8   0x080002a8   0x00000000   Code   RO         1051    .ARM.Collect$$$$0000000D  mc_w.l(entry10a.o)
    0x080002a8   0x080002a8   0x00000000   Code   RO         1053    .ARM.Collect$$$$0000000F  mc_w.l(entry11a.o)
    0x080002a8   0x080002a8   0x00000004   Code   RO         1042    .ARM.Collect$$$$00002712  mc_w.l(entry2.o)
    0x080002ac   0x080002ac   0x00000024   Code   RO            4    .text               startup_stm32h750xx.o
    0x080002d0   0x080002d0   0x00000024   Code   RO         1039    .text               mc_w.l(memseta.o)
    0x080002f4   0x080002f4   0x00000024   Code   RO         1055    .text               mc_w.l(init.o)
    0x08000318   0x08000318   0x00000004   Code   RO           48    .text.BusFault_Handler  stm32h7xx_it.o
    0x0800031c   0x0800031c   0x00000004   PAD
    0x08000320   0x08000320   0x00000002   Code   RO           54    .text.DebugMon_Handler  stm32h7xx_it.o
    0x08000322   0x08000322   0x00000006   PAD
    0x08000328   0x08000328   0x00000026   Code   RO           60    .text.EXTI2_IRQHandler  stm32h7xx_it.o
    0x0800034e   0x0800034e   0x00000002   PAD
    0x08000350   0x08000350   0x0000000e   Code   RO           17    .text.Error_Handler  main.o
    0x0800035e   0x0800035e   0x00000002   PAD
    0x08000360   0x08000360   0x0000000e   Code   RO          384    .text.HAL_GPIO_EXTI_Callback  stm32h7xx_hal_gpio.o
    0x0800036e   0x0800036e   0x00000002   PAD
    0x08000370   0x08000370   0x00000038   Code   RO          382    .text.HAL_GPIO_EXTI_IRQHandler  stm32h7xx_hal_gpio.o
    0x080003a8   0x080003a8   0x000003de   Code   RO          370    .text.HAL_GPIO_Init  stm32h7xx_hal_gpio.o
    0x08000786   0x08000786   0x00000002   PAD
    0x08000788   0x08000788   0x00000036   Code   RO          374    .text.HAL_GPIO_ReadPin  stm32h7xx_hal_gpio.o
    0x080007be   0x080007be   0x00000002   PAD
    0x080007c0   0x080007c0   0x00000042   Code   RO          376    .text.HAL_GPIO_WritePin  stm32h7xx_hal_gpio.o
    0x08000802   0x08000802   0x00000006   PAD
    0x08000808   0x08000808   0x0000000e   Code   RO          715    .text.HAL_GetREVID  stm32h7xx_hal.o
    0x08000816   0x08000816   0x00000002   PAD
    0x08000818   0x08000818   0x0000000c   Code   RO          699    .text.HAL_GetTick   stm32h7xx_hal.o
    0x08000824   0x08000824   0x00000004   PAD
    0x08000828   0x08000828   0x0000001a   Code   RO          697    .text.HAL_IncTick   stm32h7xx_hal.o
    0x08000842   0x08000842   0x00000006   PAD
    0x08000848   0x08000848   0x00000082   Code   RO          687    .text.HAL_Init      stm32h7xx_hal.o
    0x080008ca   0x080008ca   0x00000006   PAD
    0x080008d0   0x080008d0   0x0000008e   Code   RO          689    .text.HAL_InitTick  stm32h7xx_hal.o
    0x0800095e   0x0800095e   0x00000002   PAD
    0x08000960   0x08000960   0x00000078   Code   RO          121    .text.HAL_MPU_ConfigRegion  stm32h7xx_hal_cortex.o
    0x080009d8   0x080009d8   0x00000022   Code   RO          113    .text.HAL_MPU_Disable  stm32h7xx_hal_cortex.o
    0x080009fa   0x080009fa   0x00000006   PAD
    0x08000a00   0x08000a00   0x00000034   Code   RO          115    .text.HAL_MPU_Enable  stm32h7xx_hal_cortex.o
    0x08000a34   0x08000a34   0x00000004   PAD
    0x08000a38   0x08000a38   0x00000026   Code   RO           73    .text.HAL_MspInit   stm32h7xx_hal_msp.o
    0x08000a5e   0x08000a5e   0x00000002   PAD
    0x08000a60   0x08000a60   0x00000018   Code   RO           97    .text.HAL_NVIC_EnableIRQ  stm32h7xx_hal_cortex.o
    0x08000a78   0x08000a78   0x00000042   Code   RO           89    .text.HAL_NVIC_SetPriority  stm32h7xx_hal_cortex.o
    0x08000aba   0x08000aba   0x00000006   PAD
    0x08000ac0   0x08000ac0   0x00000014   Code   RO           85    .text.HAL_NVIC_SetPriorityGrouping  stm32h7xx_hal_cortex.o
    0x08000ad4   0x08000ad4   0x00000004   PAD
    0x08000ad8   0x08000ad8   0x000000aa   Code   RO          597    .text.HAL_PWREx_ConfigSupply  stm32h7xx_hal_pwr_ex.o
    0x08000b82   0x08000b82   0x00000006   PAD
    0x08000b88   0x08000b88   0x000004aa   Code   RO          169    .text.HAL_RCC_ClockConfig  stm32h7xx_hal_rcc.o
    0x08001032   0x08001032   0x00000006   PAD
    0x08001038   0x08001038   0x00000320   Code   RO          171    .text.HAL_RCC_GetSysClockFreq  stm32h7xx_hal_rcc.o
    0x08001358   0x08001358   0x00000bb6   Code   RO          167    .text.HAL_RCC_OscConfig  stm32h7xx_hal_rcc.o
    0x08001f0e   0x08001f0e   0x00000002   PAD
    0x08001f10   0x08001f10   0x00000014   Code   RO          109    .text.HAL_SYSTICK_Config  stm32h7xx_hal_cortex.o
    0x08001f24   0x08001f24   0x00000004   PAD
    0x08001f28   0x08001f28   0x00000004   Code   RO           44    .text.HardFault_Handler  stm32h7xx_it.o
    0x08001f2c   0x08001f2c   0x00000004   PAD
    0x08001f30   0x08001f30   0x0000005a   Code   RO           13    .text.MPU_Config    main.o
    0x08001f8a   0x08001f8a   0x00000006   PAD
    0x08001f90   0x08001f90   0x000000d2   Code   RO           29    .text.MX_GPIO_Init  gpio.o
    0x08002062   0x08002062   0x00000006   PAD
    0x08002068   0x08002068   0x00000004   Code   RO           46    .text.MemManage_Handler  stm32h7xx_it.o
    0x0800206c   0x0800206c   0x00000004   PAD
    0x08002070   0x08002070   0x00000004   Code   RO           42    .text.NMI_Handler   stm32h7xx_it.o
    0x08002074   0x08002074   0x00000004   PAD
    0x08002078   0x08002078   0x00000080   Code   RO           95    .text.NVIC_EncodePriority  stm32h7xx_hal_cortex.o
    0x080020f8   0x080020f8   0x00000002   Code   RO           56    .text.PendSV_Handler  stm32h7xx_it.o
    0x080020fa   0x080020fa   0x00000006   PAD
    0x08002100   0x08002100   0x00000002   Code   RO           52    .text.SVC_Handler   stm32h7xx_it.o
    0x08002102   0x08002102   0x00000006   PAD
    0x08002108   0x08002108   0x0000005a   Code   RO          111    .text.SysTick_Config  stm32h7xx_hal_cortex.o
    0x08002162   0x08002162   0x00000006   PAD
    0x08002168   0x08002168   0x00000008   Code   RO           58    .text.SysTick_Handler  stm32h7xx_it.o
    0x08002170   0x08002170   0x00000162   Code   RO           15    .text.SystemClock_Config  main.o
    0x080022d2   0x080022d2   0x00000006   PAD
    0x080022d8   0x080022d8   0x0000015a   Code   RO         1020    .text.SystemInit    system_stm32h7xx.o
    0x08002432   0x08002432   0x00000006   PAD
    0x08002438   0x08002438   0x00000004   Code   RO           50    .text.UsageFault_Handler  stm32h7xx_it.o
    0x0800243c   0x0800243c   0x00000004   PAD
    0x08002440   0x08002440   0x00000036   Code   RO           99    .text.__NVIC_EnableIRQ  stm32h7xx_hal_cortex.o
    0x08002476   0x08002476   0x00000002   PAD
    0x08002478   0x08002478   0x00000010   Code   RO           91    .text.__NVIC_GetPriorityGrouping  stm32h7xx_hal_cortex.o
    0x08002488   0x08002488   0x0000004a   Code   RO           93    .text.__NVIC_SetPriority  stm32h7xx_hal_cortex.o
    0x080024d2   0x080024d2   0x00000006   PAD
    0x080024d8   0x080024d8   0x00000040   Code   RO           87    .text.__NVIC_SetPriorityGrouping  stm32h7xx_hal_cortex.o
    0x08002518   0x08002518   0x00000046   Code   RO           11    .text.main          main.o
    0x0800255e   0x0800255e   0x0000000e   Code   RO         1059    i.__scatterload_copy  mc_w.l(handlers.o)
    0x0800256c   0x0800256c   0x00000002   Code   RO         1060    i.__scatterload_null  mc_w.l(handlers.o)
    0x0800256e   0x0800256e   0x0000000e   Code   RO         1061    i.__scatterload_zeroinit  mc_w.l(handlers.o)
    0x0800257c   0x0800257c   0x00000010   Data   RO         1026    .rodata.D1CorePrescTable  system_stm32h7xx.o
    0x0800258c   0x0800258c   0x00000020   Data   RO         1057    Region$$Table       anon$$obj.o


    Execution Region RW_IRAM1 (Exec base: 0x20000000, Load base: 0x080025ac, Size: 0x00000000, Max: 0x00020000, ABSOLUTE)

    **** No section assigned to this execution region ****


    Execution Region RW_IRAM2 (Exec base: 0x24000000, Load base: 0x080025b0, Size: 0x00000418, Max: 0x00080000, ABSOLUTE)

    Exec Addr    Load Addr    Size         Type   Attr      Idx    E Section Name        Object

    0x24000000   0x080025b0   0x00000004   Data   RW         1024    .data.SystemCoreClock  system_stm32h7xx.o
    0x24000004   0x080025b4   0x00000004   Data   RW         1025    .data.SystemD2Clock  system_stm32h7xx.o
    0x24000008   0x080025b8   0x00000001   Data   RW           62    .data.key_status    stm32h7xx_it.o
    0x24000009   0x080025b9   0x00000001   Data   RW          784    .data.uwTickFreq    stm32h7xx_hal.o
    0x2400000a   0x080025ba   0x00000002   PAD
    0x2400000c   0x080025bc   0x00000004   Data   RW          783    .data.uwTickPrio    stm32h7xx_hal.o
    0x24000010        -       0x00000004   Zero   RW          785    .bss.uwTick         stm32h7xx_hal.o
    0x24000014   0x080025c0   0x00000004   PAD
    0x24000018        -       0x00000400   Zero   RW            1    STACK               startup_stm32h750xx.o


==============================================================================

Image component sizes


      Code (inc. data)   RO Data    RW Data    ZI Data      Debug   Object Name

       210          0          0          0          0       6150   gpio.o
       528          0          0          0          0       5685   main.o
        36          8        664          0       1024        820   startup_stm32h750xx.o
       324          0          0          5          4      15478   stm32h7xx_hal.o
       762          0          0          0          0      12670   stm32h7xx_hal_cortex.o
      1180          0          0          0          0       7395   stm32h7xx_hal_gpio.o
        38          0          0          0          0       2289   stm32h7xx_hal_msp.o
       170          0          0          0          0      11360   stm32h7xx_hal_pwr_ex.o
      4992         66          0          0          0      11515   stm32h7xx_hal_rcc.o
        72          0          0          1          0       2270   stm32h7xx_it.o
       346          0         16          8          0       5968   system_stm32h7xx.o

    ----------------------------------------------------------------------
      8810         74        712         16       1032      81600   Object Totals
         0          0         32          0          0          0   (incl. Generated)
       152          0          0          2          4          0   (incl. Padding)

    ----------------------------------------------------------------------

      Code (inc. data)   RO Data    RW Data    ZI Data      Debug   Library Member Name

         0          0          0          0          0          0   entry.o
         0          0          0          0          0          0   entry10a.o
         0          0          0          0          0          0   entry11a.o
         8          4          0          0          0          0   entry2.o
         4          0          0          0          0          0   entry5.o
         0          0          0          0          0          0   entry7b.o
         0          0          0          0          0          0   entry8b.o
         8          4          0          0          0          0   entry9a.o
        30          0          0          0          0          0   handlers.o
        36          8          0          0          0         68   init.o
        36          0          0          0          0        108   memseta.o

    ----------------------------------------------------------------------
       122         16          0          0          0        176   Library Totals
         0          0          0          0          0          0   (incl. Padding)

    ----------------------------------------------------------------------

      Code (inc. data)   RO Data    RW Data    ZI Data      Debug   Library Name

       122         16          0          0          0        176   mc_w.l

    ----------------------------------------------------------------------
       122         16          0          0          0        176   Library Totals

    ----------------------------------------------------------------------

==============================================================================


      Code (inc. data)   RO Data    RW Data    ZI Data      Debug   

      8932         90        712         16       1032      81836   Grand Totals
      8932         90        712         16       1032      81836   ELF Image Totals
      8932         90        712         16          0          0   ROM Totals

==============================================================================

    Total RO  Size (Code + RO Data)                 9644 (   9.42kB)
    Total RW  Size (RW Data + ZI Data)              1048 (   1.02kB)
    Total ROM Size (Code + RO Data + RW Data)       9660 (   9.43kB)

==============================================================================

